// Jest Snapshot v1, https://goo.gl/fbAQLP

exports[`<Footer/> component rendering matches snapshot 1`] = `
ShallowWrapper {
  Symbol(enzyme.__root__): [Circular],
  Symbol(enzyme.__unrendered__): <Footer />,
  Symbol(enzyme.__renderer__): Object {
    "batchedUpdates": [Function],
    "checkPropTypes": [Function],
    "getNode": [Function],
    "render": [Function],
    "simulateError": [Function],
    "simulateEvent": [Function],
    "unmount": [Function],
  },
  Symbol(enzyme.__node__): Object {
    "instance": null,
    "key": undefined,
    "nodeType": "host",
    "props": Object {
      "children": Array [
        <div
          className="footerLinks"
>
          <a
                    className="footerLinks"
                    href="https://experiencecloud.adobe.com/resources/help/en_US/aam/"
                    rel="noopener"
                    target="_blank"
          >
                    Help
          </a>
          <a
                    className="footerLinks"
                    href="http://www.adobe.com/go/marketingcloud_terms_of_use"
                    rel="noopener"
                    target="_blank"
          >
                    Terms of Use
          </a>
          <a
                    className="footerLinks"
                    href="http://www.adobe.com/go/marketingcloud_privacy"
                    rel="noopener"
                    target="_blank"
          >
                    Privacy Policy
          </a>
          <label
                    htmlFor="footerLanguage"
          >
                    Language: 
          </label>
          <a
                    className="footerLanguage"
                    href=""
                    rel="noopener"
          >
                    English
          </a>
</div>,
        <div
          className="footerCopyRight"
>
          © 2019 Adobe Systems Incorporated. All Rights Reserved.
</div>,
      ],
      "className": "footer",
    },
    "ref": null,
    "rendered": Array [
      Object {
        "instance": null,
        "key": undefined,
        "nodeType": "host",
        "props": Object {
          "children": Array [
            Array [
              <a
                className="footerLinks"
                href="https://experiencecloud.adobe.com/resources/help/en_US/aam/"
                rel="noopener"
                target="_blank"
>
                Help
</a>,
              <a
                className="footerLinks"
                href="http://www.adobe.com/go/marketingcloud_terms_of_use"
                rel="noopener"
                target="_blank"
>
                Terms of Use
</a>,
              <a
                className="footerLinks"
                href="http://www.adobe.com/go/marketingcloud_privacy"
                rel="noopener"
                target="_blank"
>
                Privacy Policy
</a>,
            ],
            <label
              htmlFor="footerLanguage"
>
              Language: 
</label>,
            <a
              className="footerLanguage"
              href=""
              rel="noopener"
>
              English
</a>,
          ],
          "className": "footerLinks",
        },
        "ref": null,
        "rendered": Array [
          Object {
            "instance": null,
            "key": "Help",
            "nodeType": "host",
            "props": Object {
              "children": "Help",
              "className": "footerLinks",
              "href": "https://experiencecloud.adobe.com/resources/help/en_US/aam/",
              "rel": "noopener",
              "target": "_blank",
            },
            "ref": null,
            "rendered": "Help",
            "type": "a",
          },
          Object {
            "instance": null,
            "key": "Terms of Use",
            "nodeType": "host",
            "props": Object {
              "children": "Terms of Use",
              "className": "footerLinks",
              "href": "http://www.adobe.com/go/marketingcloud_terms_of_use",
              "rel": "noopener",
              "target": "_blank",
            },
            "ref": null,
            "rendered": "Terms of Use",
            "type": "a",
          },
          Object {
            "instance": null,
            "key": "Privacy Policy",
            "nodeType": "host",
            "props": Object {
              "children": "Privacy Policy",
              "className": "footerLinks",
              "href": "http://www.adobe.com/go/marketingcloud_privacy",
              "rel": "noopener",
              "target": "_blank",
            },
            "ref": null,
            "rendered": "Privacy Policy",
            "type": "a",
          },
          Object {
            "instance": null,
            "key": undefined,
            "nodeType": "host",
            "props": Object {
              "children": "Language: ",
              "htmlFor": "footerLanguage",
            },
            "ref": null,
            "rendered": "Language: ",
            "type": "label",
          },
          Object {
            "instance": null,
            "key": undefined,
            "nodeType": "host",
            "props": Object {
              "children": "English",
              "className": "footerLanguage",
              "href": "",
              "rel": "noopener",
            },
            "ref": null,
            "rendered": "English",
            "type": "a",
          },
        ],
        "type": "div",
      },
      Object {
        "instance": null,
        "key": undefined,
        "nodeType": "host",
        "props": Object {
          "children": "© 2019 Adobe Systems Incorporated. All Rights Reserved.",
          "className": "footerCopyRight",
        },
        "ref": null,
        "rendered": "© 2019 Adobe Systems Incorporated. All Rights Reserved.",
        "type": "div",
      },
    ],
    "type": "footer",
  },
  Symbol(enzyme.__nodes__): Array [
    Object {
      "instance": null,
      "key": undefined,
      "nodeType": "host",
      "props": Object {
        "children": Array [
          <div
            className="footerLinks"
>
            <a
                        className="footerLinks"
                        href="https://experiencecloud.adobe.com/resources/help/en_US/aam/"
                        rel="noopener"
                        target="_blank"
            >
                        Help
            </a>
            <a
                        className="footerLinks"
                        href="http://www.adobe.com/go/marketingcloud_terms_of_use"
                        rel="noopener"
                        target="_blank"
            >
                        Terms of Use
            </a>
            <a
                        className="footerLinks"
                        href="http://www.adobe.com/go/marketingcloud_privacy"
                        rel="noopener"
                        target="_blank"
            >
                        Privacy Policy
            </a>
            <label
                        htmlFor="footerLanguage"
            >
                        Language: 
            </label>
            <a
                        className="footerLanguage"
                        href=""
                        rel="noopener"
            >
                        English
            </a>
</div>,
          <div
            className="footerCopyRight"
>
            © 2019 Adobe Systems Incorporated. All Rights Reserved.
</div>,
        ],
        "className": "footer",
      },
      "ref": null,
      "rendered": Array [
        Object {
          "instance": null,
          "key": undefined,
          "nodeType": "host",
          "props": Object {
            "children": Array [
              Array [
                <a
                  className="footerLinks"
                  href="https://experiencecloud.adobe.com/resources/help/en_US/aam/"
                  rel="noopener"
                  target="_blank"
>
                  Help
</a>,
                <a
                  className="footerLinks"
                  href="http://www.adobe.com/go/marketingcloud_terms_of_use"
                  rel="noopener"
                  target="_blank"
>
                  Terms of Use
</a>,
                <a
                  className="footerLinks"
                  href="http://www.adobe.com/go/marketingcloud_privacy"
                  rel="noopener"
                  target="_blank"
>
                  Privacy Policy
</a>,
              ],
              <label
                htmlFor="footerLanguage"
>
                Language: 
</label>,
              <a
                className="footerLanguage"
                href=""
                rel="noopener"
>
                English
</a>,
            ],
            "className": "footerLinks",
          },
          "ref": null,
          "rendered": Array [
            Object {
              "instance": null,
              "key": "Help",
              "nodeType": "host",
              "props": Object {
                "children": "Help",
                "className": "footerLinks",
                "href": "https://experiencecloud.adobe.com/resources/help/en_US/aam/",
                "rel": "noopener",
                "target": "_blank",
              },
              "ref": null,
              "rendered": "Help",
              "type": "a",
            },
            Object {
              "instance": null,
              "key": "Terms of Use",
              "nodeType": "host",
              "props": Object {
                "children": "Terms of Use",
                "className": "footerLinks",
                "href": "http://www.adobe.com/go/marketingcloud_terms_of_use",
                "rel": "noopener",
                "target": "_blank",
              },
              "ref": null,
              "rendered": "Terms of Use",
              "type": "a",
            },
            Object {
              "instance": null,
              "key": "Privacy Policy",
              "nodeType": "host",
              "props": Object {
                "children": "Privacy Policy",
                "className": "footerLinks",
                "href": "http://www.adobe.com/go/marketingcloud_privacy",
                "rel": "noopener",
                "target": "_blank",
              },
              "ref": null,
              "rendered": "Privacy Policy",
              "type": "a",
            },
            Object {
              "instance": null,
              "key": undefined,
              "nodeType": "host",
              "props": Object {
                "children": "Language: ",
                "htmlFor": "footerLanguage",
              },
              "ref": null,
              "rendered": "Language: ",
              "type": "label",
            },
            Object {
              "instance": null,
              "key": undefined,
              "nodeType": "host",
              "props": Object {
                "children": "English",
                "className": "footerLanguage",
                "href": "",
                "rel": "noopener",
              },
              "ref": null,
              "rendered": "English",
              "type": "a",
            },
          ],
          "type": "div",
        },
        Object {
          "instance": null,
          "key": undefined,
          "nodeType": "host",
          "props": Object {
            "children": "© 2019 Adobe Systems Incorporated. All Rights Reserved.",
            "className": "footerCopyRight",
          },
          "ref": null,
          "rendered": "© 2019 Adobe Systems Incorporated. All Rights Reserved.",
          "type": "div",
        },
      ],
      "type": "footer",
    },
  ],
  Symbol(enzyme.__options__): Object {
    "adapter": ReactSixteenAdapter {
      "options": Object {
        "enableComponentDidUpdateOnSetState": true,
        "legacyContextMode": "parent",
        "lifecycles": Object {
          "componentDidUpdate": Object {
            "onSetState": true,
          },
          "getChildContext": Object {
            "calledByRenderer": false,
          },
          "getDerivedStateFromProps": true,
          "getSnapshotBeforeUpdate": true,
          "setState": Object {
            "skipsComponentDidUpdateOnNullish": true,
          },
        },
      },
    },
    "attachTo": undefined,
    "hydrateIn": undefined,
  },
}
`;
