// Jest Snapshot v1, https://goo.gl/fbAQLP

exports[`<SavedSearchTagList /> component rendering matches snapshot 1`] = `
ShallowWrapper {
  Symbol(enzyme.__root__): [Circular],
  Symbol(enzyme.__unrendered__): <SavedSearchTagList
    currentSearch="Watson Cartwright"
    deleteSearch={[Function]}
    disabled={false}
    list={
        Array [
            Object {
              "customEndDate": "2018-05-01",
              "customStartDate": "2018-04-24",
              "id": 17966,
              "includedTraits": Array [
                0,
                1,
                2,
              ],
              "keyValuePairs": Array [
                Object {
                  "key": "k-monitor",
                  "operator": ">",
                  "value": "v-programming",
                },
              ],
              "name": "Germaine Wiza",
              "signalStatus": "USED",
              "source": "Buckinghamshire",
              "totalCount": 59925,
              "type": "Lek",
              "viewRecordsFor": "7D",
            },
          ]
    }
    onSavedSearchClick={[Function]}
/>,
  Symbol(enzyme.__renderer__): Object {
    "batchedUpdates": [Function],
    "getNode": [Function],
    "render": [Function],
    "simulateError": [Function],
    "simulateEvent": [Function],
    "unmount": [Function],
  },
  Symbol(enzyme.__node__): Object {
    "instance": null,
    "key": undefined,
    "nodeType": "class",
    "props": Object {
      "children": Array [
        <InjectIntl(SavedSearchPopover)
          deleteSearch={[Function]}
          disabled={false}
          isCurrentSearch={false}
          onSavedSearchClick={[Function]}
          search={
                    Object {
                              "customEndDate": "2018-05-01",
                              "customStartDate": "2018-04-24",
                              "id": 17966,
                              "includedTraits": Array [
                                0,
                                1,
                                2,
                              ],
                              "keyValuePairs": Array [
                                Object {
                                  "key": "k-monitor",
                                  "operator": ">",
                                  "value": "v-programming",
                                },
                              ],
                              "name": "Germaine Wiza",
                              "signalStatus": "USED",
                              "source": "Buckinghamshire",
                              "totalCount": 59925,
                              "type": "Lek",
                              "viewRecordsFor": "7D",
                            }
          }
/>,
      ],
      "data-test": "saved-search-tag-list",
      "disabled": false,
      "onBlur": [Function],
      "onChange": [Function],
      "onClose": [Function],
      "onFocus": [Function],
      "readOnly": true,
    },
    "ref": null,
    "rendered": Array [
      Object {
        "instance": null,
        "key": "Germaine Wiza",
        "nodeType": "class",
        "props": Object {
          "deleteSearch": [Function],
          "disabled": false,
          "isCurrentSearch": false,
          "onSavedSearchClick": [Function],
          "search": Object {
            "customEndDate": "2018-05-01",
            "customStartDate": "2018-04-24",
            "id": 17966,
            "includedTraits": Array [
              0,
              1,
              2,
            ],
            "keyValuePairs": Array [
              Object {
                "key": "k-monitor",
                "operator": ">",
                "value": "v-programming",
              },
            ],
            "name": "Germaine Wiza",
            "signalStatus": "USED",
            "source": "Buckinghamshire",
            "totalCount": 59925,
            "type": "Lek",
            "viewRecordsFor": "7D",
          },
        },
        "ref": null,
        "rendered": null,
        "type": [Function],
      },
    ],
    "type": [Function],
  },
  Symbol(enzyme.__nodes__): Array [
    Object {
      "instance": null,
      "key": undefined,
      "nodeType": "class",
      "props": Object {
        "children": Array [
          <InjectIntl(SavedSearchPopover)
            deleteSearch={[Function]}
            disabled={false}
            isCurrentSearch={false}
            onSavedSearchClick={[Function]}
            search={
                        Object {
                                    "customEndDate": "2018-05-01",
                                    "customStartDate": "2018-04-24",
                                    "id": 17966,
                                    "includedTraits": Array [
                                      0,
                                      1,
                                      2,
                                    ],
                                    "keyValuePairs": Array [
                                      Object {
                                        "key": "k-monitor",
                                        "operator": ">",
                                        "value": "v-programming",
                                      },
                                    ],
                                    "name": "Germaine Wiza",
                                    "signalStatus": "USED",
                                    "source": "Buckinghamshire",
                                    "totalCount": 59925,
                                    "type": "Lek",
                                    "viewRecordsFor": "7D",
                                  }
            }
/>,
        ],
        "data-test": "saved-search-tag-list",
        "disabled": false,
        "onBlur": [Function],
        "onChange": [Function],
        "onClose": [Function],
        "onFocus": [Function],
        "readOnly": true,
      },
      "ref": null,
      "rendered": Array [
        Object {
          "instance": null,
          "key": "Germaine Wiza",
          "nodeType": "class",
          "props": Object {
            "deleteSearch": [Function],
            "disabled": false,
            "isCurrentSearch": false,
            "onSavedSearchClick": [Function],
            "search": Object {
              "customEndDate": "2018-05-01",
              "customStartDate": "2018-04-24",
              "id": 17966,
              "includedTraits": Array [
                0,
                1,
                2,
              ],
              "keyValuePairs": Array [
                Object {
                  "key": "k-monitor",
                  "operator": ">",
                  "value": "v-programming",
                },
              ],
              "name": "Germaine Wiza",
              "signalStatus": "USED",
              "source": "Buckinghamshire",
              "totalCount": 59925,
              "type": "Lek",
              "viewRecordsFor": "7D",
            },
          },
          "ref": null,
          "rendered": null,
          "type": [Function],
        },
      ],
      "type": [Function],
    },
  ],
  Symbol(enzyme.__options__): Object {
    "adapter": ReactSixteenAdapter {
      "options": Object {
        "enableComponentDidUpdateOnSetState": true,
        "lifecycles": Object {
          "componentDidUpdate": Object {
            "onSetState": true,
          },
          "getDerivedStateFromProps": true,
          "getSnapshotBeforeUpdate": true,
          "setState": Object {
            "skipsComponentDidUpdateOnNullish": true,
          },
        },
      },
    },
    "attachTo": undefined,
    "hydrateIn": undefined,
  },
}
`;
