// Jest Snapshot v1, https://goo.gl/fbAQLP

exports[`nav Tab routes constants matches snapshot 1`] = `
Array [
  Object {
    "name": "All",
    "route": "/destinations/all",
    "types": Array [],
  },
  Object {
    "name": "Adobe Experience Cloud",
    "route": "/destinations/adobeExperienceCloud",
    "types": Array [
      "ANALYTICS",
    ],
  },
  Object {
    "name": "Integrated Platforms",
    "route": "/destinations/integratedPlatforms",
    "types": Array [
      "S2S",
      "PEOPLE_BASED",
    ],
  },
  Object {
    "name": "Custom",
    "route": "/destinations/custom",
    "types": Array [
      "PUSH",
      "ADS",
    ],
  },
]
`;
