// Jest Snapshot v1, https://goo.gl/fbAQLP

exports[`renders <App/> without crashing rendering matches snapshot 1`] = `
ShallowWrapper {
  Symbol(enzyme.__root__): [Circular],
  Symbol(enzyme.__unrendered__): <App />,
  Symbol(enzyme.__renderer__): Object {
    "batchedUpdates": [Function],
    "checkPropTypes": [Function],
    "getNode": [Function],
    "render": [Function],
    "simulateError": [Function],
    "simulateEvent": [Function],
    "unmount": [Function],
  },
  Symbol(enzyme.__node__): Object {
    "instance": null,
    "key": undefined,
    "nodeType": "class",
    "props": Object {
      "basename": "/portal",
      "children": <Switch>
        <Route
                component={[Function]}
                exact={true}
                path="/administration/integrated-accounts"
        />
        <Route
                exact={true}
                path="/destinations"
                render={[Function]}
        />
        <Route
                path="/destinations/all"
                render={[Function]}
        />
        <Route
                path="/destinations/adobeExperienceCloud"
                render={[Function]}
        />
        <Route
                path="/destinations/integratedPlatforms"
                render={[Function]}
        />
        <Route
                path="/destinations/custom"
                render={[Function]}
        />
</Switch>,
    },
    "ref": null,
    "rendered": Object {
      "instance": null,
      "key": undefined,
      "nodeType": "class",
      "props": Object {
        "children": Array [
          <Route
            component={[Function]}
            exact={true}
            path="/administration/integrated-accounts"
/>,
          <Route
            exact={true}
            path="/destinations"
            render={[Function]}
/>,
          Array [
            <Route
              path="/destinations/all"
              render={[Function]}
/>,
            <Route
              path="/destinations/adobeExperienceCloud"
              render={[Function]}
/>,
            <Route
              path="/destinations/integratedPlatforms"
              render={[Function]}
/>,
            <Route
              path="/destinations/custom"
              render={[Function]}
/>,
          ],
        ],
      },
      "ref": null,
      "rendered": Array [
        Object {
          "instance": null,
          "key": undefined,
          "nodeType": "class",
          "props": Object {
            "component": [Function],
            "exact": true,
            "path": "/administration/integrated-accounts",
          },
          "ref": null,
          "rendered": null,
          "type": [Function],
        },
        Object {
          "instance": null,
          "key": undefined,
          "nodeType": "class",
          "props": Object {
            "exact": true,
            "path": "/destinations",
            "render": [Function],
          },
          "ref": null,
          "rendered": null,
          "type": [Function],
        },
        Object {
          "instance": null,
          "key": "/destinations/all",
          "nodeType": "class",
          "props": Object {
            "path": "/destinations/all",
            "render": [Function],
          },
          "ref": null,
          "rendered": null,
          "type": [Function],
        },
        Object {
          "instance": null,
          "key": "/destinations/adobeExperienceCloud",
          "nodeType": "class",
          "props": Object {
            "path": "/destinations/adobeExperienceCloud",
            "render": [Function],
          },
          "ref": null,
          "rendered": null,
          "type": [Function],
        },
        Object {
          "instance": null,
          "key": "/destinations/integratedPlatforms",
          "nodeType": "class",
          "props": Object {
            "path": "/destinations/integratedPlatforms",
            "render": [Function],
          },
          "ref": null,
          "rendered": null,
          "type": [Function],
        },
        Object {
          "instance": null,
          "key": "/destinations/custom",
          "nodeType": "class",
          "props": Object {
            "path": "/destinations/custom",
            "render": [Function],
          },
          "ref": null,
          "rendered": null,
          "type": [Function],
        },
      ],
      "type": [Function],
    },
    "type": [Function],
  },
  Symbol(enzyme.__nodes__): Array [
    Object {
      "instance": null,
      "key": undefined,
      "nodeType": "class",
      "props": Object {
        "basename": "/portal",
        "children": <Switch>
          <Route
                    component={[Function]}
                    exact={true}
                    path="/administration/integrated-accounts"
          />
          <Route
                    exact={true}
                    path="/destinations"
                    render={[Function]}
          />
          <Route
                    path="/destinations/all"
                    render={[Function]}
          />
          <Route
                    path="/destinations/adobeExperienceCloud"
                    render={[Function]}
          />
          <Route
                    path="/destinations/integratedPlatforms"
                    render={[Function]}
          />
          <Route
                    path="/destinations/custom"
                    render={[Function]}
          />
</Switch>,
      },
      "ref": null,
      "rendered": Object {
        "instance": null,
        "key": undefined,
        "nodeType": "class",
        "props": Object {
          "children": Array [
            <Route
              component={[Function]}
              exact={true}
              path="/administration/integrated-accounts"
/>,
            <Route
              exact={true}
              path="/destinations"
              render={[Function]}
/>,
            Array [
              <Route
                path="/destinations/all"
                render={[Function]}
/>,
              <Route
                path="/destinations/adobeExperienceCloud"
                render={[Function]}
/>,
              <Route
                path="/destinations/integratedPlatforms"
                render={[Function]}
/>,
              <Route
                path="/destinations/custom"
                render={[Function]}
/>,
            ],
          ],
        },
        "ref": null,
        "rendered": Array [
          Object {
            "instance": null,
            "key": undefined,
            "nodeType": "class",
            "props": Object {
              "component": [Function],
              "exact": true,
              "path": "/administration/integrated-accounts",
            },
            "ref": null,
            "rendered": null,
            "type": [Function],
          },
          Object {
            "instance": null,
            "key": undefined,
            "nodeType": "class",
            "props": Object {
              "exact": true,
              "path": "/destinations",
              "render": [Function],
            },
            "ref": null,
            "rendered": null,
            "type": [Function],
          },
          Object {
            "instance": null,
            "key": "/destinations/all",
            "nodeType": "class",
            "props": Object {
              "path": "/destinations/all",
              "render": [Function],
            },
            "ref": null,
            "rendered": null,
            "type": [Function],
          },
          Object {
            "instance": null,
            "key": "/destinations/adobeExperienceCloud",
            "nodeType": "class",
            "props": Object {
              "path": "/destinations/adobeExperienceCloud",
              "render": [Function],
            },
            "ref": null,
            "rendered": null,
            "type": [Function],
          },
          Object {
            "instance": null,
            "key": "/destinations/integratedPlatforms",
            "nodeType": "class",
            "props": Object {
              "path": "/destinations/integratedPlatforms",
              "render": [Function],
            },
            "ref": null,
            "rendered": null,
            "type": [Function],
          },
          Object {
            "instance": null,
            "key": "/destinations/custom",
            "nodeType": "class",
            "props": Object {
              "path": "/destinations/custom",
              "render": [Function],
            },
            "ref": null,
            "rendered": null,
            "type": [Function],
          },
        ],
        "type": [Function],
      },
      "type": [Function],
    },
  ],
  Symbol(enzyme.__options__): Object {
    "adapter": ReactSixteenAdapter {
      "options": Object {
        "enableComponentDidUpdateOnSetState": true,
        "legacyContextMode": "parent",
        "lifecycles": Object {
          "componentDidUpdate": Object {
            "onSetState": true,
          },
          "getChildContext": Object {
            "calledByRenderer": false,
          },
          "getDerivedStateFromProps": true,
          "getSnapshotBeforeUpdate": true,
          "setState": Object {
            "skipsComponentDidUpdateOnNullish": true,
          },
        },
      },
    },
  },
}
`;
