// Jest Snapshot v1, https://goo.gl/fbAQLP

exports[`renders <App/> without crashing rendering matches snapshot 1`] = `
ShallowWrapper {
  Symbol(enzyme.__root__): [Circular],
  Symbol(enzyme.__unrendered__): <Destinations
    destinationType="Integrated Platforms"
    destinations={
        Object {
            "byIds": Object {
              "0": Object {
                "action": "",
                "description": "Maxime ut totam nemo assumenda ratione impedit.",
                "id": 0,
                "name": "input",
                "platform": "Twitter",
                "shareableAudience": 41898,
              },
              "1": Object {
                "action": "",
                "description": "Et nesciunt voluptatibus facilis blanditiis.",
                "id": 1,
                "name": "Bedfordshire",
                "platform": "Google",
                "shareableAudience": 18751,
              },
              "2": Object {
                "action": "",
                "description": "Repellat sit dolor ut quisquam et ducimus.",
                "id": 2,
                "name": "Shoes",
                "platform": "Twitter",
                "shareableAudience": 5434,
              },
              "3": Object {
                "action": "",
                "description": "Blanditiis tenetur culpa aut distinctio.",
                "id": 3,
                "name": "mesh",
                "platform": "LinkedIn",
                "shareableAudience": 40918,
              },
            },
            "idsToDisplay": Array [
              0,
              1,
              2,
              3,
            ],
            "inFlight": false,
          }
    }
    fetchDestinations={[Function]}
/>,
  Symbol(enzyme.__renderer__): Object {
    "batchedUpdates": [Function],
    "getNode": [Function],
    "render": [Function],
    "simulateError": [Function],
    "simulateEvent": [Function],
    "unmount": [Function],
  },
  Symbol(enzyme.__node__): Object {
    "instance": null,
    "key": undefined,
    "nodeType": "host",
    "props": Object {
      "children": Array [
        <div
          className={undefined}
>
          <SideNavFilter
                    filterOptions={
                              Array [
                                        Object {
                                          "label": "ALL PLATFORMS",
                                          "value": "Integrated Platforms",
                                        },
                                        Object {
                                          "label": "PEOPLE-BASED",
                                          "value": "People-Based",
                                        },
                                        Object {
                                          "label": "DEVICE-BASED",
                                          "value": "Device-Based",
                                        },
                                      ]
                    }
                    filterType={undefined}
                    isSearched={true}
                    onFilterTypeChange={[Function]}
          />
</div>,
        <div
          className={undefined}
>
          <Table
                    allowsSelection={false}
                    columns={
                              Array [
                                        Object {
                                          "announce": false,
                                          "key": "id",
                                          "sortable": true,
                                          "title": "ID",
                                          "width": 50,
                                        },
                                        Object {
                                          "active": true,
                                          "key": "type",
                                          "sortable": true,
                                          "title": "TYPE",
                                          "width": 150,
                                        },
                                        Object {
                                          "active": true,
                                          "key": "platform",
                                          "sortable": true,
                                          "title": "PLATFORM",
                                          "width": 150,
                                        },
                                        Object {
                                          "key": "name",
                                          "sortable": true,
                                          "title": "NAME",
                                          "width": 200,
                                        },
                                        Object {
                                          "key": "description",
                                          "minWidth": 250,
                                          "sortable": true,
                                          "title": "DESCRIPTION",
                                        },
                                        Object {
                                          "key": "action",
                                          "title": "ACTION",
                                          "width": 200,
                                        },
                                      ]
                    }
                    dataTest="peopleBased-destination-table"
                    height={900}
                    items={
                              Array [
                                        Object {
                                          "action": "",
                                          "description": "Maxime ut totam nemo assumenda ratione impedit.",
                                          "id": 0,
                                          "name": "input",
                                          "platform": "Twitter",
                                          "shareableAudience": 41898,
                                        },
                                        Object {
                                          "action": "",
                                          "description": "Et nesciunt voluptatibus facilis blanditiis.",
                                          "id": 1,
                                          "name": "Bedfordshire",
                                          "platform": "Google",
                                          "shareableAudience": 18751,
                                        },
                                        Object {
                                          "action": "",
                                          "description": "Repellat sit dolor ut quisquam et ducimus.",
                                          "id": 2,
                                          "name": "Shoes",
                                          "platform": "Twitter",
                                          "shareableAudience": 5434,
                                        },
                                        Object {
                                          "action": "",
                                          "description": "Blanditiis tenetur culpa aut distinctio.",
                                          "id": 3,
                                          "name": "mesh",
                                          "platform": "LinkedIn",
                                          "shareableAudience": 40918,
                                        },
                                      ]
                    }
                    onSortChange={[Function]}
                    reachedEndOfRows={[Function]}
                    renderCell={[Function]}
                    rowHeight={250}
                    sortDescriptor={
                              Object {
                                        "column": Object {
                                          "announce": false,
                                          "key": "id",
                                          "sortable": true,
                                          "title": "ID",
                                          "width": 50,
                                        },
                                        "direction": 1,
                                      }
                    }
          />
</div>,
      ],
      "className": undefined,
      "data-test": "integrated platforms-destinations",
    },
    "ref": null,
    "rendered": Array [
      Object {
        "instance": null,
        "key": undefined,
        "nodeType": "host",
        "props": Object {
          "children": <SideNavFilter
            filterOptions={
                        Array [
                                    Object {
                                      "label": "ALL PLATFORMS",
                                      "value": "Integrated Platforms",
                                    },
                                    Object {
                                      "label": "PEOPLE-BASED",
                                      "value": "People-Based",
                                    },
                                    Object {
                                      "label": "DEVICE-BASED",
                                      "value": "Device-Based",
                                    },
                                  ]
            }
            filterType={undefined}
            isSearched={true}
            onFilterTypeChange={[Function]}
/>,
          "className": undefined,
        },
        "ref": null,
        "rendered": Object {
          "instance": null,
          "key": undefined,
          "nodeType": "class",
          "props": Object {
            "filterOptions": Array [
              Object {
                "label": "ALL PLATFORMS",
                "value": "Integrated Platforms",
              },
              Object {
                "label": "PEOPLE-BASED",
                "value": "People-Based",
              },
              Object {
                "label": "DEVICE-BASED",
                "value": "Device-Based",
              },
            ],
            "filterType": undefined,
            "isSearched": true,
            "onFilterTypeChange": [Function],
          },
          "ref": null,
          "rendered": null,
          "type": [Function],
        },
        "type": "div",
      },
      Object {
        "instance": null,
        "key": undefined,
        "nodeType": "host",
        "props": Object {
          "children": <Table
            allowsSelection={false}
            columns={
                        Array [
                                    Object {
                                      "announce": false,
                                      "key": "id",
                                      "sortable": true,
                                      "title": "ID",
                                      "width": 50,
                                    },
                                    Object {
                                      "active": true,
                                      "key": "type",
                                      "sortable": true,
                                      "title": "TYPE",
                                      "width": 150,
                                    },
                                    Object {
                                      "active": true,
                                      "key": "platform",
                                      "sortable": true,
                                      "title": "PLATFORM",
                                      "width": 150,
                                    },
                                    Object {
                                      "key": "name",
                                      "sortable": true,
                                      "title": "NAME",
                                      "width": 200,
                                    },
                                    Object {
                                      "key": "description",
                                      "minWidth": 250,
                                      "sortable": true,
                                      "title": "DESCRIPTION",
                                    },
                                    Object {
                                      "key": "action",
                                      "title": "ACTION",
                                      "width": 200,
                                    },
                                  ]
            }
            dataTest="peopleBased-destination-table"
            height={900}
            items={
                        Array [
                                    Object {
                                      "action": "",
                                      "description": "Maxime ut totam nemo assumenda ratione impedit.",
                                      "id": 0,
                                      "name": "input",
                                      "platform": "Twitter",
                                      "shareableAudience": 41898,
                                    },
                                    Object {
                                      "action": "",
                                      "description": "Et nesciunt voluptatibus facilis blanditiis.",
                                      "id": 1,
                                      "name": "Bedfordshire",
                                      "platform": "Google",
                                      "shareableAudience": 18751,
                                    },
                                    Object {
                                      "action": "",
                                      "description": "Repellat sit dolor ut quisquam et ducimus.",
                                      "id": 2,
                                      "name": "Shoes",
                                      "platform": "Twitter",
                                      "shareableAudience": 5434,
                                    },
                                    Object {
                                      "action": "",
                                      "description": "Blanditiis tenetur culpa aut distinctio.",
                                      "id": 3,
                                      "name": "mesh",
                                      "platform": "LinkedIn",
                                      "shareableAudience": 40918,
                                    },
                                  ]
            }
            onSortChange={[Function]}
            reachedEndOfRows={[Function]}
            renderCell={[Function]}
            rowHeight={250}
            sortDescriptor={
                        Object {
                                    "column": Object {
                                      "announce": false,
                                      "key": "id",
                                      "sortable": true,
                                      "title": "ID",
                                      "width": 50,
                                    },
                                    "direction": 1,
                                  }
            }
/>,
          "className": undefined,
        },
        "ref": null,
        "rendered": Object {
          "instance": null,
          "key": undefined,
          "nodeType": "class",
          "props": Object {
            "allowsSelection": false,
            "columns": Array [
              Object {
                "announce": false,
                "key": "id",
                "sortable": true,
                "title": "ID",
                "width": 50,
              },
              Object {
                "active": true,
                "key": "type",
                "sortable": true,
                "title": "TYPE",
                "width": 150,
              },
              Object {
                "active": true,
                "key": "platform",
                "sortable": true,
                "title": "PLATFORM",
                "width": 150,
              },
              Object {
                "key": "name",
                "sortable": true,
                "title": "NAME",
                "width": 200,
              },
              Object {
                "key": "description",
                "minWidth": 250,
                "sortable": true,
                "title": "DESCRIPTION",
              },
              Object {
                "key": "action",
                "title": "ACTION",
                "width": 200,
              },
            ],
            "dataTest": "peopleBased-destination-table",
            "height": 900,
            "items": Array [
              Object {
                "action": "",
                "description": "Maxime ut totam nemo assumenda ratione impedit.",
                "id": 0,
                "name": "input",
                "platform": "Twitter",
                "shareableAudience": 41898,
              },
              Object {
                "action": "",
                "description": "Et nesciunt voluptatibus facilis blanditiis.",
                "id": 1,
                "name": "Bedfordshire",
                "platform": "Google",
                "shareableAudience": 18751,
              },
              Object {
                "action": "",
                "description": "Repellat sit dolor ut quisquam et ducimus.",
                "id": 2,
                "name": "Shoes",
                "platform": "Twitter",
                "shareableAudience": 5434,
              },
              Object {
                "action": "",
                "description": "Blanditiis tenetur culpa aut distinctio.",
                "id": 3,
                "name": "mesh",
                "platform": "LinkedIn",
                "shareableAudience": 40918,
              },
            ],
            "onSortChange": [Function],
            "reachedEndOfRows": [Function],
            "renderCell": [Function],
            "rowHeight": 250,
            "sortDescriptor": Object {
              "column": Object {
                "announce": false,
                "key": "id",
                "sortable": true,
                "title": "ID",
                "width": 50,
              },
              "direction": 1,
            },
          },
          "ref": null,
          "rendered": null,
          "type": [Function],
        },
        "type": "div",
      },
    ],
    "type": "div",
  },
  Symbol(enzyme.__nodes__): Array [
    Object {
      "instance": null,
      "key": undefined,
      "nodeType": "host",
      "props": Object {
        "children": Array [
          <div
            className={undefined}
>
            <SideNavFilter
                        filterOptions={
                                    Array [
                                                Object {
                                                  "label": "ALL PLATFORMS",
                                                  "value": "Integrated Platforms",
                                                },
                                                Object {
                                                  "label": "PEOPLE-BASED",
                                                  "value": "People-Based",
                                                },
                                                Object {
                                                  "label": "DEVICE-BASED",
                                                  "value": "Device-Based",
                                                },
                                              ]
                        }
                        filterType={undefined}
                        isSearched={true}
                        onFilterTypeChange={[Function]}
            />
</div>,
          <div
            className={undefined}
>
            <Table
                        allowsSelection={false}
                        columns={
                                    Array [
                                                Object {
                                                  "announce": false,
                                                  "key": "id",
                                                  "sortable": true,
                                                  "title": "ID",
                                                  "width": 50,
                                                },
                                                Object {
                                                  "active": true,
                                                  "key": "type",
                                                  "sortable": true,
                                                  "title": "TYPE",
                                                  "width": 150,
                                                },
                                                Object {
                                                  "active": true,
                                                  "key": "platform",
                                                  "sortable": true,
                                                  "title": "PLATFORM",
                                                  "width": 150,
                                                },
                                                Object {
                                                  "key": "name",
                                                  "sortable": true,
                                                  "title": "NAME",
                                                  "width": 200,
                                                },
                                                Object {
                                                  "key": "description",
                                                  "minWidth": 250,
                                                  "sortable": true,
                                                  "title": "DESCRIPTION",
                                                },
                                                Object {
                                                  "key": "action",
                                                  "title": "ACTION",
                                                  "width": 200,
                                                },
                                              ]
                        }
                        dataTest="peopleBased-destination-table"
                        height={900}
                        items={
                                    Array [
                                                Object {
                                                  "action": "",
                                                  "description": "Maxime ut totam nemo assumenda ratione impedit.",
                                                  "id": 0,
                                                  "name": "input",
                                                  "platform": "Twitter",
                                                  "shareableAudience": 41898,
                                                },
                                                Object {
                                                  "action": "",
                                                  "description": "Et nesciunt voluptatibus facilis blanditiis.",
                                                  "id": 1,
                                                  "name": "Bedfordshire",
                                                  "platform": "Google",
                                                  "shareableAudience": 18751,
                                                },
                                                Object {
                                                  "action": "",
                                                  "description": "Repellat sit dolor ut quisquam et ducimus.",
                                                  "id": 2,
                                                  "name": "Shoes",
                                                  "platform": "Twitter",
                                                  "shareableAudience": 5434,
                                                },
                                                Object {
                                                  "action": "",
                                                  "description": "Blanditiis tenetur culpa aut distinctio.",
                                                  "id": 3,
                                                  "name": "mesh",
                                                  "platform": "LinkedIn",
                                                  "shareableAudience": 40918,
                                                },
                                              ]
                        }
                        onSortChange={[Function]}
                        reachedEndOfRows={[Function]}
                        renderCell={[Function]}
                        rowHeight={250}
                        sortDescriptor={
                                    Object {
                                                "column": Object {
                                                  "announce": false,
                                                  "key": "id",
                                                  "sortable": true,
                                                  "title": "ID",
                                                  "width": 50,
                                                },
                                                "direction": 1,
                                              }
                        }
            />
</div>,
        ],
        "className": undefined,
        "data-test": "integrated platforms-destinations",
      },
      "ref": null,
      "rendered": Array [
        Object {
          "instance": null,
          "key": undefined,
          "nodeType": "host",
          "props": Object {
            "children": <SideNavFilter
              filterOptions={
                            Array [
                                          Object {
                                            "label": "ALL PLATFORMS",
                                            "value": "Integrated Platforms",
                                          },
                                          Object {
                                            "label": "PEOPLE-BASED",
                                            "value": "People-Based",
                                          },
                                          Object {
                                            "label": "DEVICE-BASED",
                                            "value": "Device-Based",
                                          },
                                        ]
              }
              filterType={undefined}
              isSearched={true}
              onFilterTypeChange={[Function]}
/>,
            "className": undefined,
          },
          "ref": null,
          "rendered": Object {
            "instance": null,
            "key": undefined,
            "nodeType": "class",
            "props": Object {
              "filterOptions": Array [
                Object {
                  "label": "ALL PLATFORMS",
                  "value": "Integrated Platforms",
                },
                Object {
                  "label": "PEOPLE-BASED",
                  "value": "People-Based",
                },
                Object {
                  "label": "DEVICE-BASED",
                  "value": "Device-Based",
                },
              ],
              "filterType": undefined,
              "isSearched": true,
              "onFilterTypeChange": [Function],
            },
            "ref": null,
            "rendered": null,
            "type": [Function],
          },
          "type": "div",
        },
        Object {
          "instance": null,
          "key": undefined,
          "nodeType": "host",
          "props": Object {
            "children": <Table
              allowsSelection={false}
              columns={
                            Array [
                                          Object {
                                            "announce": false,
                                            "key": "id",
                                            "sortable": true,
                                            "title": "ID",
                                            "width": 50,
                                          },
                                          Object {
                                            "active": true,
                                            "key": "type",
                                            "sortable": true,
                                            "title": "TYPE",
                                            "width": 150,
                                          },
                                          Object {
                                            "active": true,
                                            "key": "platform",
                                            "sortable": true,
                                            "title": "PLATFORM",
                                            "width": 150,
                                          },
                                          Object {
                                            "key": "name",
                                            "sortable": true,
                                            "title": "NAME",
                                            "width": 200,
                                          },
                                          Object {
                                            "key": "description",
                                            "minWidth": 250,
                                            "sortable": true,
                                            "title": "DESCRIPTION",
                                          },
                                          Object {
                                            "key": "action",
                                            "title": "ACTION",
                                            "width": 200,
                                          },
                                        ]
              }
              dataTest="peopleBased-destination-table"
              height={900}
              items={
                            Array [
                                          Object {
                                            "action": "",
                                            "description": "Maxime ut totam nemo assumenda ratione impedit.",
                                            "id": 0,
                                            "name": "input",
                                            "platform": "Twitter",
                                            "shareableAudience": 41898,
                                          },
                                          Object {
                                            "action": "",
                                            "description": "Et nesciunt voluptatibus facilis blanditiis.",
                                            "id": 1,
                                            "name": "Bedfordshire",
                                            "platform": "Google",
                                            "shareableAudience": 18751,
                                          },
                                          Object {
                                            "action": "",
                                            "description": "Repellat sit dolor ut quisquam et ducimus.",
                                            "id": 2,
                                            "name": "Shoes",
                                            "platform": "Twitter",
                                            "shareableAudience": 5434,
                                          },
                                          Object {
                                            "action": "",
                                            "description": "Blanditiis tenetur culpa aut distinctio.",
                                            "id": 3,
                                            "name": "mesh",
                                            "platform": "LinkedIn",
                                            "shareableAudience": 40918,
                                          },
                                        ]
              }
              onSortChange={[Function]}
              reachedEndOfRows={[Function]}
              renderCell={[Function]}
              rowHeight={250}
              sortDescriptor={
                            Object {
                                          "column": Object {
                                            "announce": false,
                                            "key": "id",
                                            "sortable": true,
                                            "title": "ID",
                                            "width": 50,
                                          },
                                          "direction": 1,
                                        }
              }
/>,
            "className": undefined,
          },
          "ref": null,
          "rendered": Object {
            "instance": null,
            "key": undefined,
            "nodeType": "class",
            "props": Object {
              "allowsSelection": false,
              "columns": Array [
                Object {
                  "announce": false,
                  "key": "id",
                  "sortable": true,
                  "title": "ID",
                  "width": 50,
                },
                Object {
                  "active": true,
                  "key": "type",
                  "sortable": true,
                  "title": "TYPE",
                  "width": 150,
                },
                Object {
                  "active": true,
                  "key": "platform",
                  "sortable": true,
                  "title": "PLATFORM",
                  "width": 150,
                },
                Object {
                  "key": "name",
                  "sortable": true,
                  "title": "NAME",
                  "width": 200,
                },
                Object {
                  "key": "description",
                  "minWidth": 250,
                  "sortable": true,
                  "title": "DESCRIPTION",
                },
                Object {
                  "key": "action",
                  "title": "ACTION",
                  "width": 200,
                },
              ],
              "dataTest": "peopleBased-destination-table",
              "height": 900,
              "items": Array [
                Object {
                  "action": "",
                  "description": "Maxime ut totam nemo assumenda ratione impedit.",
                  "id": 0,
                  "name": "input",
                  "platform": "Twitter",
                  "shareableAudience": 41898,
                },
                Object {
                  "action": "",
                  "description": "Et nesciunt voluptatibus facilis blanditiis.",
                  "id": 1,
                  "name": "Bedfordshire",
                  "platform": "Google",
                  "shareableAudience": 18751,
                },
                Object {
                  "action": "",
                  "description": "Repellat sit dolor ut quisquam et ducimus.",
                  "id": 2,
                  "name": "Shoes",
                  "platform": "Twitter",
                  "shareableAudience": 5434,
                },
                Object {
                  "action": "",
                  "description": "Blanditiis tenetur culpa aut distinctio.",
                  "id": 3,
                  "name": "mesh",
                  "platform": "LinkedIn",
                  "shareableAudience": 40918,
                },
              ],
              "onSortChange": [Function],
              "reachedEndOfRows": [Function],
              "renderCell": [Function],
              "rowHeight": 250,
              "sortDescriptor": Object {
                "column": Object {
                  "announce": false,
                  "key": "id",
                  "sortable": true,
                  "title": "ID",
                  "width": 50,
                },
                "direction": 1,
              },
            },
            "ref": null,
            "rendered": null,
            "type": [Function],
          },
          "type": "div",
        },
      ],
      "type": "div",
    },
  ],
  Symbol(enzyme.__options__): Object {
    "adapter": ReactSixteenAdapter {
      "options": Object {
        "enableComponentDidUpdateOnSetState": true,
        "lifecycles": Object {
          "componentDidUpdate": Object {
            "onSetState": true,
          },
          "getDerivedStateFromProps": true,
          "getSnapshotBeforeUpdate": true,
          "setState": Object {
            "skipsComponentDidUpdateOnNullish": true,
          },
        },
      },
    },
  },
}
`;
