// Jest Snapshot v1, https://goo.gl/fbAQLP

exports[`<Nav/> component rendering matches snapshot 1`] = `
ShallowWrapper {
  Symbol(enzyme.__root__): [Circular],
  Symbol(enzyme.__unrendered__): <withRouter(Nav)
    routes={
        Array [
            Object {
              "name": "",
              "route": "/",
            },
            Object {
              "name": "People-Based",
              "route": "/destinations",
            },
            Object {
              "name": "Device-Based",
              "route": "/deviceBased",
            },
            Object {
              "name": "Cookie-Based",
              "route": "/cookieBased",
            },
            Object {
              "name": "URL-Based",
              "route": "/urlBased",
            },
            Object {
              "name": "Adobe Experience Cloud",
              "route": "/adobeExperienceCloud",
            },
          ]
    }
/>,
  Symbol(enzyme.__renderer__): Object {
    "batchedUpdates": [Function],
    "getNode": [Function],
    "render": [Function],
    "simulateError": [Function],
    "simulateEvent": [Function],
    "unmount": [Function],
  },
  Symbol(enzyme.__node__): Object {
    "instance": null,
    "key": undefined,
    "nodeType": "class",
    "props": Object {
      "children": [Function],
    },
    "ref": null,
    "rendered": [Function],
    "type": [Function],
  },
  Symbol(enzyme.__nodes__): Array [
    Object {
      "instance": null,
      "key": undefined,
      "nodeType": "class",
      "props": Object {
        "children": [Function],
      },
      "ref": null,
      "rendered": [Function],
      "type": [Function],
    },
  ],
  Symbol(enzyme.__options__): Object {
    "adapter": ReactSixteenAdapter {
      "options": Object {
        "enableComponentDidUpdateOnSetState": true,
        "lifecycles": Object {
          "componentDidUpdate": Object {
            "onSetState": true,
          },
          "getDerivedStateFromProps": true,
          "getSnapshotBeforeUpdate": true,
          "setState": Object {
            "skipsComponentDidUpdateOnNullish": true,
          },
        },
      },
    },
  },
}
`;
