// Jest Snapshot v1, https://goo.gl/fbAQLP

exports[`<KeyValuePair /> component rendering matches snapshot 1`] = `
ShallowWrapper {
  "length": 1,
  Symbol(enzyme.__root__): [Circular],
  Symbol(enzyme.__unrendered__): <KeyValuePair
    onKeySelect={[MockFunction]}
    onOperatorChange={[MockFunction]}
    onValueChange={[MockFunction]}
    pair={
      Object {
        "id": 0,
        "key": "",
        "operator": "==",
        "value": "",
      }
    }
  />,
  Symbol(enzyme.__renderer__): Object {
    "batchedUpdates": [Function],
    "getNode": [Function],
    "render": [Function],
    "simulateEvent": [Function],
    "unmount": [Function],
  },
  Symbol(enzyme.__node__): Object {
    "instance": null,
    "key": undefined,
    "nodeType": "host",
    "props": Object {
      "children": Array [
        <Label
          labelFor="key0"
          value="Key"
        >
          <Autocomplete
            allowCreate={false}
            className="key-search"
            getCompletions={[Function]}
            onSelect={[Function]}
            value=""
          >
            <Textfield
              data-test="key-search-field"
              disabled={false}
              id="key0"
              invalid={false}
              placeholder="Type a key"
              readOnly={false}
              required={false}
              value=""
            />
          </Autocomplete>
        </Label>,
        <Select
          className="operator"
          onChange={[Function]}
          options={
            Array [
              Object {
                "label": "==",
                "value": "==",
              },
              Object {
                "label": ">",
                "value": ">",
              },
              Object {
                "label": "<",
                "value": "<",
              },
              Object {
                "label": ">=",
                "value": ">=",
              },
              Object {
                "label": "<=",
                "value": "<=",
              },
              Object {
                "label": "contains",
                "value": "contains",
              },
            ]
          }
          value="=="
        />,
        <Label
          labelFor="value0"
          value="Value"
        >
          <Textfield
            className="value-search"
            data-test="value-search"
            disabled={false}
            id="value0"
            invalid={false}
            onChange={[Function]}
            placeholder="Type a value"
            readOnly={false}
            required={false}
            value=""
          />
        </Label>,
      ],
      "data-test": "key-value-pair",
    },
    "ref": null,
    "rendered": Array [
      Object {
        "instance": null,
        "key": undefined,
        "nodeType": "function",
        "props": Object {
          "children": <Autocomplete
            allowCreate={false}
            className="key-search"
            getCompletions={[Function]}
            onSelect={[Function]}
            value=""
          >
            <Textfield
              data-test="key-search-field"
              disabled={false}
              id="key0"
              invalid={false}
              placeholder="Type a key"
              readOnly={false}
              required={false}
              value=""
            />
          </Autocomplete>,
          "labelFor": "key0",
          "value": "Key",
        },
        "ref": null,
        "rendered": Object {
          "instance": null,
          "key": undefined,
          "nodeType": "class",
          "props": Object {
            "allowCreate": false,
            "children": <Textfield
              data-test="key-search-field"
              disabled={false}
              id="key0"
              invalid={false}
              placeholder="Type a key"
              readOnly={false}
              required={false}
              value=""
            />,
            "className": "key-search",
            "getCompletions": [Function],
            "onSelect": [Function],
            "value": "",
          },
          "ref": null,
          "rendered": Object {
            "instance": null,
            "key": undefined,
            "nodeType": "class",
            "props": Object {
              "data-test": "key-search-field",
              "disabled": false,
              "id": "key0",
              "invalid": false,
              "placeholder": "Type a key",
              "readOnly": false,
              "required": false,
              "value": "",
            },
            "ref": null,
            "rendered": null,
            "type": [Function],
          },
          "type": [Function],
        },
        "type": [Function],
      },
      Object {
        "instance": null,
        "key": undefined,
        "nodeType": "class",
        "props": Object {
          "className": "operator",
          "onChange": [Function],
          "options": Array [
            Object {
              "label": "==",
              "value": "==",
            },
            Object {
              "label": ">",
              "value": ">",
            },
            Object {
              "label": "<",
              "value": "<",
            },
            Object {
              "label": ">=",
              "value": ">=",
            },
            Object {
              "label": "<=",
              "value": "<=",
            },
            Object {
              "label": "contains",
              "value": "contains",
            },
          ],
          "value": "==",
        },
        "ref": null,
        "rendered": null,
        "type": [Function],
      },
      Object {
        "instance": null,
        "key": undefined,
        "nodeType": "function",
        "props": Object {
          "children": <Textfield
            className="value-search"
            data-test="value-search"
            disabled={false}
            id="value0"
            invalid={false}
            onChange={[Function]}
            placeholder="Type a value"
            readOnly={false}
            required={false}
            value=""
          />,
          "labelFor": "value0",
          "value": "Value",
        },
        "ref": null,
        "rendered": Object {
          "instance": null,
          "key": undefined,
          "nodeType": "class",
          "props": Object {
            "className": "value-search",
            "data-test": "value-search",
            "disabled": false,
            "id": "value0",
            "invalid": false,
            "onChange": [Function],
            "placeholder": "Type a value",
            "readOnly": false,
            "required": false,
            "value": "",
          },
          "ref": null,
          "rendered": null,
          "type": [Function],
        },
        "type": [Function],
      },
    ],
    "type": "div",
  },
  Symbol(enzyme.__nodes__): Array [
    Object {
      "instance": null,
      "key": undefined,
      "nodeType": "host",
      "props": Object {
        "children": Array [
          <Label
            labelFor="key0"
            value="Key"
          >
            <Autocomplete
              allowCreate={false}
              className="key-search"
              getCompletions={[Function]}
              onSelect={[Function]}
              value=""
            >
              <Textfield
                data-test="key-search-field"
                disabled={false}
                id="key0"
                invalid={false}
                placeholder="Type a key"
                readOnly={false}
                required={false}
                value=""
              />
            </Autocomplete>
          </Label>,
          <Select
            className="operator"
            onChange={[Function]}
            options={
              Array [
                Object {
                  "label": "==",
                  "value": "==",
                },
                Object {
                  "label": ">",
                  "value": ">",
                },
                Object {
                  "label": "<",
                  "value": "<",
                },
                Object {
                  "label": ">=",
                  "value": ">=",
                },
                Object {
                  "label": "<=",
                  "value": "<=",
                },
                Object {
                  "label": "contains",
                  "value": "contains",
                },
              ]
            }
            value="=="
          />,
          <Label
            labelFor="value0"
            value="Value"
          >
            <Textfield
              className="value-search"
              data-test="value-search"
              disabled={false}
              id="value0"
              invalid={false}
              onChange={[Function]}
              placeholder="Type a value"
              readOnly={false}
              required={false}
              value=""
            />
          </Label>,
        ],
        "data-test": "key-value-pair",
      },
      "ref": null,
      "rendered": Array [
        Object {
          "instance": null,
          "key": undefined,
          "nodeType": "function",
          "props": Object {
            "children": <Autocomplete
              allowCreate={false}
              className="key-search"
              getCompletions={[Function]}
              onSelect={[Function]}
              value=""
            >
              <Textfield
                data-test="key-search-field"
                disabled={false}
                id="key0"
                invalid={false}
                placeholder="Type a key"
                readOnly={false}
                required={false}
                value=""
              />
            </Autocomplete>,
            "labelFor": "key0",
            "value": "Key",
          },
          "ref": null,
          "rendered": Object {
            "instance": null,
            "key": undefined,
            "nodeType": "class",
            "props": Object {
              "allowCreate": false,
              "children": <Textfield
                data-test="key-search-field"
                disabled={false}
                id="key0"
                invalid={false}
                placeholder="Type a key"
                readOnly={false}
                required={false}
                value=""
              />,
              "className": "key-search",
              "getCompletions": [Function],
              "onSelect": [Function],
              "value": "",
            },
            "ref": null,
            "rendered": Object {
              "instance": null,
              "key": undefined,
              "nodeType": "class",
              "props": Object {
                "data-test": "key-search-field",
                "disabled": false,
                "id": "key0",
                "invalid": false,
                "placeholder": "Type a key",
                "readOnly": false,
                "required": false,
                "value": "",
              },
              "ref": null,
              "rendered": null,
              "type": [Function],
            },
            "type": [Function],
          },
          "type": [Function],
        },
        Object {
          "instance": null,
          "key": undefined,
          "nodeType": "class",
          "props": Object {
            "className": "operator",
            "onChange": [Function],
            "options": Array [
              Object {
                "label": "==",
                "value": "==",
              },
              Object {
                "label": ">",
                "value": ">",
              },
              Object {
                "label": "<",
                "value": "<",
              },
              Object {
                "label": ">=",
                "value": ">=",
              },
              Object {
                "label": "<=",
                "value": "<=",
              },
              Object {
                "label": "contains",
                "value": "contains",
              },
            ],
            "value": "==",
          },
          "ref": null,
          "rendered": null,
          "type": [Function],
        },
        Object {
          "instance": null,
          "key": undefined,
          "nodeType": "function",
          "props": Object {
            "children": <Textfield
              className="value-search"
              data-test="value-search"
              disabled={false}
              id="value0"
              invalid={false}
              onChange={[Function]}
              placeholder="Type a value"
              readOnly={false}
              required={false}
              value=""
            />,
            "labelFor": "value0",
            "value": "Value",
          },
          "ref": null,
          "rendered": Object {
            "instance": null,
            "key": undefined,
            "nodeType": "class",
            "props": Object {
              "className": "value-search",
              "data-test": "value-search",
              "disabled": false,
              "id": "value0",
              "invalid": false,
              "onChange": [Function],
              "placeholder": "Type a value",
              "readOnly": false,
              "required": false,
              "value": "",
            },
            "ref": null,
            "rendered": null,
            "type": [Function],
          },
          "type": [Function],
        },
      ],
      "type": "div",
    },
  ],
  Symbol(enzyme.__options__): Object {
    "adapter": ReactSixteenAdapter {
      "options": Object {
        "enableComponentDidUpdateOnSetState": true,
      },
    },
  },
}
`;
