// Jest Snapshot v1, https://goo.gl/fbAQLP

exports[`renders <App/> without crashing rendering matches snapshot 1`] = `
ShallowWrapper {
  Symbol(enzyme.__root__): [Circular],
  Symbol(enzyme.__unrendered__): <Destinations
    destinationType="People-Based"
    items={
        Array [
            Object {
              "action": "",
              "description": "Maxime ut totam nemo assumenda ratione impedit.",
              "id": 0,
              "name": "input",
              "platform": "Twitter",
              "shareableAudience": 41898,
            },
            Object {
              "action": "",
              "description": "Et nesciunt voluptatibus facilis blanditiis.",
              "id": 1,
              "name": "Bedfordshire",
              "platform": "Google",
              "shareableAudience": 18751,
            },
            Object {
              "action": "",
              "description": "Repellat sit dolor ut quisquam et ducimus.",
              "id": 2,
              "name": "Shoes",
              "platform": "Twitter",
              "shareableAudience": 5434,
            },
            Object {
              "action": "",
              "description": "Blanditiis tenetur culpa aut distinctio.",
              "id": 3,
              "name": "mesh",
              "platform": "LinkedIn",
              "shareableAudience": 40918,
            },
          ]
    }
/>,
  Symbol(enzyme.__renderer__): Object {
    "batchedUpdates": [Function],
    "getNode": [Function],
    "render": [Function],
    "simulateError": [Function],
    "simulateEvent": [Function],
    "unmount": [Function],
  },
  Symbol(enzyme.__node__): Object {
    "instance": null,
    "key": undefined,
    "nodeType": "host",
    "props": Object {
      "children": Array [
        <div
          className={undefined}
>
          <SideNavFilter
                    filterOptions={
                              Array [
                                        Object {
                                          "label": "ALL",
                                          "value": "ALL",
                                        },
                                        Object {
                                          "label": "FACEBOOK",
                                          "value": "FB",
                                        },
                                        Object {
                                          "label": "GOOGLE",
                                          "value": "GOOGL",
                                        },
                                        Object {
                                          "label": "LINKEDIN",
                                          "value": "LNKD",
                                        },
                                        Object {
                                          "label": "TWITTER",
                                          "value": "TWTR",
                                        },
                                      ]
                    }
                    filterType="ALL"
                    isSearched={true}
                    onFilterTypeChange={[Function]}
          />
</div>,
        <div
          className={undefined}
>
          <div
                    className={undefined}
          >
                    <Search
                              icon={<Magnifier />}
                              onChange={[Function]}
                              onSubmit={[Function]}
                              placeholder="Search"
                    />
          </div>
          <Table
                    allowsSelection={false}
                    columns={
                              Array [
                                        Object {
                                          "announce": false,
                                          "key": "id",
                                          "sortable": true,
                                          "title": "ID",
                                          "width": 50,
                                        },
                                        Object {
                                          "active": true,
                                          "key": "platform",
                                          "title": "PLATFORM",
                                          "width": 150,
                                        },
                                        Object {
                                          "key": "name",
                                          "title": "NAME",
                                          "width": 200,
                                        },
                                        Object {
                                          "key": "description",
                                          "minWidth": 200,
                                          "title": "DESCRIPTION",
                                        },
                                        Object {
                                          "key": "shareableAudience",
                                          "sortable": true,
                                          "title": "SHAREABLE AUDIENCE",
                                          "width": 100,
                                        },
                                        Object {
                                          "key": "action",
                                          "title": "ACTION",
                                          "width": 150,
                                        },
                                      ]
                    }
                    dataTest="peopleBased-destination-table"
                    height={500}
                    items={
                              Array [
                                        Object {
                                          "action": "",
                                          "description": "Maxime ut totam nemo assumenda ratione impedit.",
                                          "id": 0,
                                          "name": "input",
                                          "platform": "Twitter",
                                          "shareableAudience": 41898,
                                        },
                                        Object {
                                          "action": "",
                                          "description": "Et nesciunt voluptatibus facilis blanditiis.",
                                          "id": 1,
                                          "name": "Bedfordshire",
                                          "platform": "Google",
                                          "shareableAudience": 18751,
                                        },
                                        Object {
                                          "action": "",
                                          "description": "Repellat sit dolor ut quisquam et ducimus.",
                                          "id": 2,
                                          "name": "Shoes",
                                          "platform": "Twitter",
                                          "shareableAudience": 5434,
                                        },
                                        Object {
                                          "action": "",
                                          "description": "Blanditiis tenetur culpa aut distinctio.",
                                          "id": 3,
                                          "name": "mesh",
                                          "platform": "LinkedIn",
                                          "shareableAudience": 40918,
                                        },
                                      ]
                    }
                    reachedEndOfRows={[Function]}
                    renderCell={[Function]}
                    rowHeight={500}
          />
</div>,
      ],
      "data-test": "people-based-destinations",
      "style": Object {
        "display": "flex",
      },
    },
    "ref": null,
    "rendered": Array [
      Object {
        "instance": null,
        "key": undefined,
        "nodeType": "host",
        "props": Object {
          "children": <SideNavFilter
            filterOptions={
                        Array [
                                    Object {
                                      "label": "ALL",
                                      "value": "ALL",
                                    },
                                    Object {
                                      "label": "FACEBOOK",
                                      "value": "FB",
                                    },
                                    Object {
                                      "label": "GOOGLE",
                                      "value": "GOOGL",
                                    },
                                    Object {
                                      "label": "LINKEDIN",
                                      "value": "LNKD",
                                    },
                                    Object {
                                      "label": "TWITTER",
                                      "value": "TWTR",
                                    },
                                  ]
            }
            filterType="ALL"
            isSearched={true}
            onFilterTypeChange={[Function]}
/>,
          "className": undefined,
        },
        "ref": null,
        "rendered": Object {
          "instance": null,
          "key": undefined,
          "nodeType": "class",
          "props": Object {
            "filterOptions": Array [
              Object {
                "label": "ALL",
                "value": "ALL",
              },
              Object {
                "label": "FACEBOOK",
                "value": "FB",
              },
              Object {
                "label": "GOOGLE",
                "value": "GOOGL",
              },
              Object {
                "label": "LINKEDIN",
                "value": "LNKD",
              },
              Object {
                "label": "TWITTER",
                "value": "TWTR",
              },
            ],
            "filterType": "ALL",
            "isSearched": true,
            "onFilterTypeChange": [Function],
          },
          "ref": null,
          "rendered": null,
          "type": [Function],
        },
        "type": "div",
      },
      Object {
        "instance": null,
        "key": undefined,
        "nodeType": "host",
        "props": Object {
          "children": Array [
            <div
              className={undefined}
>
              <Search
                            icon={<Magnifier />}
                            onChange={[Function]}
                            onSubmit={[Function]}
                            placeholder="Search"
              />
</div>,
            <Table
              allowsSelection={false}
              columns={
                            Array [
                                          Object {
                                            "announce": false,
                                            "key": "id",
                                            "sortable": true,
                                            "title": "ID",
                                            "width": 50,
                                          },
                                          Object {
                                            "active": true,
                                            "key": "platform",
                                            "title": "PLATFORM",
                                            "width": 150,
                                          },
                                          Object {
                                            "key": "name",
                                            "title": "NAME",
                                            "width": 200,
                                          },
                                          Object {
                                            "key": "description",
                                            "minWidth": 200,
                                            "title": "DESCRIPTION",
                                          },
                                          Object {
                                            "key": "shareableAudience",
                                            "sortable": true,
                                            "title": "SHAREABLE AUDIENCE",
                                            "width": 100,
                                          },
                                          Object {
                                            "key": "action",
                                            "title": "ACTION",
                                            "width": 150,
                                          },
                                        ]
              }
              dataTest="peopleBased-destination-table"
              height={500}
              items={
                            Array [
                                          Object {
                                            "action": "",
                                            "description": "Maxime ut totam nemo assumenda ratione impedit.",
                                            "id": 0,
                                            "name": "input",
                                            "platform": "Twitter",
                                            "shareableAudience": 41898,
                                          },
                                          Object {
                                            "action": "",
                                            "description": "Et nesciunt voluptatibus facilis blanditiis.",
                                            "id": 1,
                                            "name": "Bedfordshire",
                                            "platform": "Google",
                                            "shareableAudience": 18751,
                                          },
                                          Object {
                                            "action": "",
                                            "description": "Repellat sit dolor ut quisquam et ducimus.",
                                            "id": 2,
                                            "name": "Shoes",
                                            "platform": "Twitter",
                                            "shareableAudience": 5434,
                                          },
                                          Object {
                                            "action": "",
                                            "description": "Blanditiis tenetur culpa aut distinctio.",
                                            "id": 3,
                                            "name": "mesh",
                                            "platform": "LinkedIn",
                                            "shareableAudience": 40918,
                                          },
                                        ]
              }
              reachedEndOfRows={[Function]}
              renderCell={[Function]}
              rowHeight={500}
/>,
          ],
          "className": undefined,
        },
        "ref": null,
        "rendered": Array [
          Object {
            "instance": null,
            "key": undefined,
            "nodeType": "host",
            "props": Object {
              "children": <Search
                icon={<Magnifier />}
                onChange={[Function]}
                onSubmit={[Function]}
                placeholder="Search"
/>,
              "className": undefined,
            },
            "ref": null,
            "rendered": Object {
              "instance": null,
              "key": undefined,
              "nodeType": "class",
              "props": Object {
                "icon": <Magnifier />,
                "onChange": [Function],
                "onSubmit": [Function],
                "placeholder": "Search",
              },
              "ref": null,
              "rendered": null,
              "type": [Function],
            },
            "type": "div",
          },
          Object {
            "instance": null,
            "key": undefined,
            "nodeType": "class",
            "props": Object {
              "allowsSelection": false,
              "columns": Array [
                Object {
                  "announce": false,
                  "key": "id",
                  "sortable": true,
                  "title": "ID",
                  "width": 50,
                },
                Object {
                  "active": true,
                  "key": "platform",
                  "title": "PLATFORM",
                  "width": 150,
                },
                Object {
                  "key": "name",
                  "title": "NAME",
                  "width": 200,
                },
                Object {
                  "key": "description",
                  "minWidth": 200,
                  "title": "DESCRIPTION",
                },
                Object {
                  "key": "shareableAudience",
                  "sortable": true,
                  "title": "SHAREABLE AUDIENCE",
                  "width": 100,
                },
                Object {
                  "key": "action",
                  "title": "ACTION",
                  "width": 150,
                },
              ],
              "dataTest": "peopleBased-destination-table",
              "height": 500,
              "items": Array [
                Object {
                  "action": "",
                  "description": "Maxime ut totam nemo assumenda ratione impedit.",
                  "id": 0,
                  "name": "input",
                  "platform": "Twitter",
                  "shareableAudience": 41898,
                },
                Object {
                  "action": "",
                  "description": "Et nesciunt voluptatibus facilis blanditiis.",
                  "id": 1,
                  "name": "Bedfordshire",
                  "platform": "Google",
                  "shareableAudience": 18751,
                },
                Object {
                  "action": "",
                  "description": "Repellat sit dolor ut quisquam et ducimus.",
                  "id": 2,
                  "name": "Shoes",
                  "platform": "Twitter",
                  "shareableAudience": 5434,
                },
                Object {
                  "action": "",
                  "description": "Blanditiis tenetur culpa aut distinctio.",
                  "id": 3,
                  "name": "mesh",
                  "platform": "LinkedIn",
                  "shareableAudience": 40918,
                },
              ],
              "reachedEndOfRows": [Function],
              "renderCell": [Function],
              "rowHeight": 500,
            },
            "ref": null,
            "rendered": null,
            "type": [Function],
          },
        ],
        "type": "div",
      },
    ],
    "type": "div",
  },
  Symbol(enzyme.__nodes__): Array [
    Object {
      "instance": null,
      "key": undefined,
      "nodeType": "host",
      "props": Object {
        "children": Array [
          <div
            className={undefined}
>
            <SideNavFilter
                        filterOptions={
                                    Array [
                                                Object {
                                                  "label": "ALL",
                                                  "value": "ALL",
                                                },
                                                Object {
                                                  "label": "FACEBOOK",
                                                  "value": "FB",
                                                },
                                                Object {
                                                  "label": "GOOGLE",
                                                  "value": "GOOGL",
                                                },
                                                Object {
                                                  "label": "LINKEDIN",
                                                  "value": "LNKD",
                                                },
                                                Object {
                                                  "label": "TWITTER",
                                                  "value": "TWTR",
                                                },
                                              ]
                        }
                        filterType="ALL"
                        isSearched={true}
                        onFilterTypeChange={[Function]}
            />
</div>,
          <div
            className={undefined}
>
            <div
                        className={undefined}
            >
                        <Search
                                    icon={<Magnifier />}
                                    onChange={[Function]}
                                    onSubmit={[Function]}
                                    placeholder="Search"
                        />
            </div>
            <Table
                        allowsSelection={false}
                        columns={
                                    Array [
                                                Object {
                                                  "announce": false,
                                                  "key": "id",
                                                  "sortable": true,
                                                  "title": "ID",
                                                  "width": 50,
                                                },
                                                Object {
                                                  "active": true,
                                                  "key": "platform",
                                                  "title": "PLATFORM",
                                                  "width": 150,
                                                },
                                                Object {
                                                  "key": "name",
                                                  "title": "NAME",
                                                  "width": 200,
                                                },
                                                Object {
                                                  "key": "description",
                                                  "minWidth": 200,
                                                  "title": "DESCRIPTION",
                                                },
                                                Object {
                                                  "key": "shareableAudience",
                                                  "sortable": true,
                                                  "title": "SHAREABLE AUDIENCE",
                                                  "width": 100,
                                                },
                                                Object {
                                                  "key": "action",
                                                  "title": "ACTION",
                                                  "width": 150,
                                                },
                                              ]
                        }
                        dataTest="peopleBased-destination-table"
                        height={500}
                        items={
                                    Array [
                                                Object {
                                                  "action": "",
                                                  "description": "Maxime ut totam nemo assumenda ratione impedit.",
                                                  "id": 0,
                                                  "name": "input",
                                                  "platform": "Twitter",
                                                  "shareableAudience": 41898,
                                                },
                                                Object {
                                                  "action": "",
                                                  "description": "Et nesciunt voluptatibus facilis blanditiis.",
                                                  "id": 1,
                                                  "name": "Bedfordshire",
                                                  "platform": "Google",
                                                  "shareableAudience": 18751,
                                                },
                                                Object {
                                                  "action": "",
                                                  "description": "Repellat sit dolor ut quisquam et ducimus.",
                                                  "id": 2,
                                                  "name": "Shoes",
                                                  "platform": "Twitter",
                                                  "shareableAudience": 5434,
                                                },
                                                Object {
                                                  "action": "",
                                                  "description": "Blanditiis tenetur culpa aut distinctio.",
                                                  "id": 3,
                                                  "name": "mesh",
                                                  "platform": "LinkedIn",
                                                  "shareableAudience": 40918,
                                                },
                                              ]
                        }
                        reachedEndOfRows={[Function]}
                        renderCell={[Function]}
                        rowHeight={500}
            />
</div>,
        ],
        "data-test": "people-based-destinations",
        "style": Object {
          "display": "flex",
        },
      },
      "ref": null,
      "rendered": Array [
        Object {
          "instance": null,
          "key": undefined,
          "nodeType": "host",
          "props": Object {
            "children": <SideNavFilter
              filterOptions={
                            Array [
                                          Object {
                                            "label": "ALL",
                                            "value": "ALL",
                                          },
                                          Object {
                                            "label": "FACEBOOK",
                                            "value": "FB",
                                          },
                                          Object {
                                            "label": "GOOGLE",
                                            "value": "GOOGL",
                                          },
                                          Object {
                                            "label": "LINKEDIN",
                                            "value": "LNKD",
                                          },
                                          Object {
                                            "label": "TWITTER",
                                            "value": "TWTR",
                                          },
                                        ]
              }
              filterType="ALL"
              isSearched={true}
              onFilterTypeChange={[Function]}
/>,
            "className": undefined,
          },
          "ref": null,
          "rendered": Object {
            "instance": null,
            "key": undefined,
            "nodeType": "class",
            "props": Object {
              "filterOptions": Array [
                Object {
                  "label": "ALL",
                  "value": "ALL",
                },
                Object {
                  "label": "FACEBOOK",
                  "value": "FB",
                },
                Object {
                  "label": "GOOGLE",
                  "value": "GOOGL",
                },
                Object {
                  "label": "LINKEDIN",
                  "value": "LNKD",
                },
                Object {
                  "label": "TWITTER",
                  "value": "TWTR",
                },
              ],
              "filterType": "ALL",
              "isSearched": true,
              "onFilterTypeChange": [Function],
            },
            "ref": null,
            "rendered": null,
            "type": [Function],
          },
          "type": "div",
        },
        Object {
          "instance": null,
          "key": undefined,
          "nodeType": "host",
          "props": Object {
            "children": Array [
              <div
                className={undefined}
>
                <Search
                                icon={<Magnifier />}
                                onChange={[Function]}
                                onSubmit={[Function]}
                                placeholder="Search"
                />
</div>,
              <Table
                allowsSelection={false}
                columns={
                                Array [
                                                Object {
                                                  "announce": false,
                                                  "key": "id",
                                                  "sortable": true,
                                                  "title": "ID",
                                                  "width": 50,
                                                },
                                                Object {
                                                  "active": true,
                                                  "key": "platform",
                                                  "title": "PLATFORM",
                                                  "width": 150,
                                                },
                                                Object {
                                                  "key": "name",
                                                  "title": "NAME",
                                                  "width": 200,
                                                },
                                                Object {
                                                  "key": "description",
                                                  "minWidth": 200,
                                                  "title": "DESCRIPTION",
                                                },
                                                Object {
                                                  "key": "shareableAudience",
                                                  "sortable": true,
                                                  "title": "SHAREABLE AUDIENCE",
                                                  "width": 100,
                                                },
                                                Object {
                                                  "key": "action",
                                                  "title": "ACTION",
                                                  "width": 150,
                                                },
                                              ]
                }
                dataTest="peopleBased-destination-table"
                height={500}
                items={
                                Array [
                                                Object {
                                                  "action": "",
                                                  "description": "Maxime ut totam nemo assumenda ratione impedit.",
                                                  "id": 0,
                                                  "name": "input",
                                                  "platform": "Twitter",
                                                  "shareableAudience": 41898,
                                                },
                                                Object {
                                                  "action": "",
                                                  "description": "Et nesciunt voluptatibus facilis blanditiis.",
                                                  "id": 1,
                                                  "name": "Bedfordshire",
                                                  "platform": "Google",
                                                  "shareableAudience": 18751,
                                                },
                                                Object {
                                                  "action": "",
                                                  "description": "Repellat sit dolor ut quisquam et ducimus.",
                                                  "id": 2,
                                                  "name": "Shoes",
                                                  "platform": "Twitter",
                                                  "shareableAudience": 5434,
                                                },
                                                Object {
                                                  "action": "",
                                                  "description": "Blanditiis tenetur culpa aut distinctio.",
                                                  "id": 3,
                                                  "name": "mesh",
                                                  "platform": "LinkedIn",
                                                  "shareableAudience": 40918,
                                                },
                                              ]
                }
                reachedEndOfRows={[Function]}
                renderCell={[Function]}
                rowHeight={500}
/>,
            ],
            "className": undefined,
          },
          "ref": null,
          "rendered": Array [
            Object {
              "instance": null,
              "key": undefined,
              "nodeType": "host",
              "props": Object {
                "children": <Search
                  icon={<Magnifier />}
                  onChange={[Function]}
                  onSubmit={[Function]}
                  placeholder="Search"
/>,
                "className": undefined,
              },
              "ref": null,
              "rendered": Object {
                "instance": null,
                "key": undefined,
                "nodeType": "class",
                "props": Object {
                  "icon": <Magnifier />,
                  "onChange": [Function],
                  "onSubmit": [Function],
                  "placeholder": "Search",
                },
                "ref": null,
                "rendered": null,
                "type": [Function],
              },
              "type": "div",
            },
            Object {
              "instance": null,
              "key": undefined,
              "nodeType": "class",
              "props": Object {
                "allowsSelection": false,
                "columns": Array [
                  Object {
                    "announce": false,
                    "key": "id",
                    "sortable": true,
                    "title": "ID",
                    "width": 50,
                  },
                  Object {
                    "active": true,
                    "key": "platform",
                    "title": "PLATFORM",
                    "width": 150,
                  },
                  Object {
                    "key": "name",
                    "title": "NAME",
                    "width": 200,
                  },
                  Object {
                    "key": "description",
                    "minWidth": 200,
                    "title": "DESCRIPTION",
                  },
                  Object {
                    "key": "shareableAudience",
                    "sortable": true,
                    "title": "SHAREABLE AUDIENCE",
                    "width": 100,
                  },
                  Object {
                    "key": "action",
                    "title": "ACTION",
                    "width": 150,
                  },
                ],
                "dataTest": "peopleBased-destination-table",
                "height": 500,
                "items": Array [
                  Object {
                    "action": "",
                    "description": "Maxime ut totam nemo assumenda ratione impedit.",
                    "id": 0,
                    "name": "input",
                    "platform": "Twitter",
                    "shareableAudience": 41898,
                  },
                  Object {
                    "action": "",
                    "description": "Et nesciunt voluptatibus facilis blanditiis.",
                    "id": 1,
                    "name": "Bedfordshire",
                    "platform": "Google",
                    "shareableAudience": 18751,
                  },
                  Object {
                    "action": "",
                    "description": "Repellat sit dolor ut quisquam et ducimus.",
                    "id": 2,
                    "name": "Shoes",
                    "platform": "Twitter",
                    "shareableAudience": 5434,
                  },
                  Object {
                    "action": "",
                    "description": "Blanditiis tenetur culpa aut distinctio.",
                    "id": 3,
                    "name": "mesh",
                    "platform": "LinkedIn",
                    "shareableAudience": 40918,
                  },
                ],
                "reachedEndOfRows": [Function],
                "renderCell": [Function],
                "rowHeight": 500,
              },
              "ref": null,
              "rendered": null,
              "type": [Function],
            },
          ],
          "type": "div",
        },
      ],
      "type": "div",
    },
  ],
  Symbol(enzyme.__options__): Object {
    "adapter": ReactSixteenAdapter {
      "options": Object {
        "enableComponentDidUpdateOnSetState": true,
        "lifecycles": Object {
          "componentDidUpdate": Object {
            "onSetState": true,
          },
          "getDerivedStateFromProps": true,
          "getSnapshotBeforeUpdate": true,
          "setState": Object {
            "skipsComponentDidUpdateOnNullish": true,
          },
        },
      },
    },
  },
}
`;
