// Jest Snapshot v1, https://goo.gl/fbAQLP

exports[`<Table/> component rendering matches snapshot 1`] = `
ShallowWrapper {
  Symbol(enzyme.__root__): [Circular],
  Symbol(enzyme.__unrendered__): <Table
    allowsSelection={false}
    columns={
        Array [
            Object {
              "key": "id",
              "sortable": true,
              "title": "ID",
              "width": 50,
            },
            Object {
              "key": "name",
              "sortable": true,
              "title": "Name",
              "width": 50,
            },
            Object {
              "key": "icons",
              "sortable": false,
              "title": "Icons",
              "width": 50,
            },
          ]
    }
    items={Array []}
    onSortChange={[Function]}
    reachedEndOfRows={[Function]}
    renderCell={[Function]}
    rowHeight={30}
/>,
  Symbol(enzyme.__renderer__): Object {
    "batchedUpdates": [Function],
    "checkPropTypes": [Function],
    "getNode": [Function],
    "render": [Function],
    "simulateError": [Function],
    "simulateEvent": [Function],
    "unmount": [Function],
  },
  Symbol(enzyme.__node__): Object {
    "instance": null,
    "key": undefined,
    "nodeType": "host",
    "props": Object {
      "children": <TableView
        acceptsDrops={false}
        allowsMultipleSelection={true}
        allowsSelection={false}
        canDragItems={false}
        columns={
                Array [
                        Object {
                          "key": "id",
                          "sortable": true,
                          "title": "ID",
                          "width": 50,
                        },
                        Object {
                          "key": "name",
                          "sortable": true,
                          "title": "Name",
                          "width": 50,
                        },
                        Object {
                          "key": "icons",
                          "sortable": false,
                          "title": "Icons",
                          "width": 50,
                        },
                      ]
        }
        dataSource={
                DataSource {
                        "_events": Object {},
                        "_eventsCount": 0,
                        "_maxListeners": undefined,
                        "sections": Array [],
                      }
        }
        dropPosition="between"
        onSortChange={[Function]}
        reachedEndOfRows={[Function]}
        renderCell={[Function]}
        rowHeight={30}
/>,
      "className": undefined,
      "data-test": undefined,
      "style": Object {
        "height": "undefinedpx",
      },
    },
    "ref": null,
    "rendered": Object {
      "instance": null,
      "key": undefined,
      "nodeType": "class",
      "props": Object {
        "acceptsDrops": false,
        "allowsMultipleSelection": true,
        "allowsSelection": false,
        "canDragItems": false,
        "columns": Array [
          Object {
            "key": "id",
            "sortable": true,
            "title": "ID",
            "width": 50,
          },
          Object {
            "key": "name",
            "sortable": true,
            "title": "Name",
            "width": 50,
          },
          Object {
            "key": "icons",
            "sortable": false,
            "title": "Icons",
            "width": 50,
          },
        ],
        "dataSource": DataSource {
          "_events": Object {},
          "_eventsCount": 0,
          "_maxListeners": undefined,
          "sections": Array [],
        },
        "dropPosition": "between",
        "onSortChange": [Function],
        "reachedEndOfRows": [Function],
        "renderCell": [Function],
        "rowHeight": 30,
      },
      "ref": null,
      "rendered": null,
      "type": [Function],
    },
    "type": "div",
  },
  Symbol(enzyme.__nodes__): Array [
    Object {
      "instance": null,
      "key": undefined,
      "nodeType": "host",
      "props": Object {
        "children": <TableView
          acceptsDrops={false}
          allowsMultipleSelection={true}
          allowsSelection={false}
          canDragItems={false}
          columns={
                    Array [
                              Object {
                                "key": "id",
                                "sortable": true,
                                "title": "ID",
                                "width": 50,
                              },
                              Object {
                                "key": "name",
                                "sortable": true,
                                "title": "Name",
                                "width": 50,
                              },
                              Object {
                                "key": "icons",
                                "sortable": false,
                                "title": "Icons",
                                "width": 50,
                              },
                            ]
          }
          dataSource={
                    DataSource {
                              "_events": Object {},
                              "_eventsCount": 0,
                              "_maxListeners": undefined,
                              "sections": Array [],
                            }
          }
          dropPosition="between"
          onSortChange={[Function]}
          reachedEndOfRows={[Function]}
          renderCell={[Function]}
          rowHeight={30}
/>,
        "className": undefined,
        "data-test": undefined,
        "style": Object {
          "height": "undefinedpx",
        },
      },
      "ref": null,
      "rendered": Object {
        "instance": null,
        "key": undefined,
        "nodeType": "class",
        "props": Object {
          "acceptsDrops": false,
          "allowsMultipleSelection": true,
          "allowsSelection": false,
          "canDragItems": false,
          "columns": Array [
            Object {
              "key": "id",
              "sortable": true,
              "title": "ID",
              "width": 50,
            },
            Object {
              "key": "name",
              "sortable": true,
              "title": "Name",
              "width": 50,
            },
            Object {
              "key": "icons",
              "sortable": false,
              "title": "Icons",
              "width": 50,
            },
          ],
          "dataSource": DataSource {
            "_events": Object {},
            "_eventsCount": 0,
            "_maxListeners": undefined,
            "sections": Array [],
          },
          "dropPosition": "between",
          "onSortChange": [Function],
          "reachedEndOfRows": [Function],
          "renderCell": [Function],
          "rowHeight": 30,
        },
        "ref": null,
        "rendered": null,
        "type": [Function],
      },
      "type": "div",
    },
  ],
  Symbol(enzyme.__options__): Object {
    "adapter": ReactSixteenAdapter {
      "options": Object {
        "enableComponentDidUpdateOnSetState": true,
        "legacyContextMode": "parent",
        "lifecycles": Object {
          "componentDidUpdate": Object {
            "onSetState": true,
          },
          "getChildContext": Object {
            "calledByRenderer": false,
          },
          "getDerivedStateFromProps": true,
          "getSnapshotBeforeUpdate": true,
          "setState": Object {
            "skipsComponentDidUpdateOnNullish": true,
          },
        },
      },
    },
  },
}
`;
