// Jest Snapshot v1, https://goo.gl/fbAQLP

exports[`dateHelper until test matches snapshot 1`] = `"MMM DD, YYYY hh:mm A"`;
