// Jest Snapshot v1, https://goo.gl/fbAQLP

exports[`<SaveSearchExecution/> rendering when error passes in matches the snapshot 1`] = `
ShallowWrapper {
  Symbol(enzyme.__root__): [Circular],
  Symbol(enzyme.__unrendered__): <SaveSearchExecution
    error={
        Object {
            "errorMessage": "Invalid Method",
            "hasError": true,
          }
    }
    isSavedSearchLimitReached={false}
/>,
  Symbol(enzyme.__renderer__): Object {
    "batchedUpdates": [Function],
    "getNode": [Function],
    "render": [Function],
    "simulateError": [Function],
    "simulateEvent": [Function],
    "unmount": [Function],
  },
  Symbol(enzyme.__node__): Object {
    "instance": null,
    "key": undefined,
    "nodeType": "function",
    "props": Object {
      "errorMessage": "Invalid Method",
      "isInvalid": true,
    },
    "ref": null,
    "rendered": null,
    "type": [Function],
  },
  Symbol(enzyme.__nodes__): Array [
    Object {
      "instance": null,
      "key": undefined,
      "nodeType": "function",
      "props": Object {
        "errorMessage": "Invalid Method",
        "isInvalid": true,
      },
      "ref": null,
      "rendered": null,
      "type": [Function],
    },
  ],
  Symbol(enzyme.__options__): Object {
    "adapter": ReactSixteenAdapter {
      "options": Object {
        "enableComponentDidUpdateOnSetState": true,
        "lifecycles": Object {
          "componentDidUpdate": Object {
            "onSetState": true,
          },
          "getDerivedStateFromProps": true,
          "getSnapshotBeforeUpdate": true,
          "setState": Object {
            "skipsComponentDidUpdateOnNullish": true,
          },
        },
      },
    },
    "attachTo": undefined,
    "hydrateIn": undefined,
  },
}
`;

exports[`<SaveSearchExecution/> rendering when no error passes in matches the snapshot 1`] = `
ShallowWrapper {
  Symbol(enzyme.__root__): [Circular],
  Symbol(enzyme.__unrendered__): <SaveSearchExecution
    cancelSaveSearch={[Function]}
    changeSortingOrder={[Function]}
    confirmSaveThisSearch={[Function]}
    error={
        Object {
            "errorMessage": "",
            "hasError": false,
          }
    }
    isSavedSearchLimitReached={true}
    savedSearchLimit={10}
    selectDefaultSorting={[Function]}
    trackSearchResultInDashboard={[Function]}
    updateSaveSearchName={[Function]}
/>,
  Symbol(enzyme.__renderer__): Object {
    "batchedUpdates": [Function],
    "getNode": [Function],
    "render": [Function],
    "simulateError": [Function],
    "simulateEvent": [Function],
    "unmount": [Function],
  },
  Symbol(enzyme.__node__): Object {
    "instance": null,
    "key": undefined,
    "nodeType": "class",
    "props": Object {
      "children": Array [
        <div
          data-test="save-this-search-button-overlay-trigger"
>
          <OverlayTrigger
                    boundariesElement={[Function]}
                    crossOffset={0}
                    defaultShow={false}
                    delayHide={100}
                    disabled={false}
                    flip={true}
                    offset={0}
                    placement="top"
                    trigger={
                              Array [
                                        "hover",
                                        "focus",
                                      ]
                    }
          >
                    <Button
                              autoFocus={false}
                              block={false}
                              data-test="save-this-search-button"
                              disabled={true}
                              element="button"
                              icon={<Add />}
                              invalid={false}
                              label="Save This Search"
                              logic={false}
                              quiet={true}
                              selected={false}
                              variant="action"
                    />
                    <Tooltip
                              data-test="saved-search-limit-message"
                              open={true}
                              placement="right"
                              role="tooltip"
                              variant="inspect"
                    >
                              Saved Search limit (10) reached.
                    </Tooltip>
          </OverlayTrigger>
</div>,
        <Dialog
          autoFocusButton={null}
          backdropClickable={false}
          cancelLabel="Cancel"
          className="triggerDialog"
          confirmDisabled={false}
          confirmLabel="Save"
          keyboardConfirm={false}
          modalcontent={true}
          mode="centered"
          onCancel={[Function]}
          onClose={[Function]}
          onConfirm={[Function]}
          open={true}
          role="dialog"
          size="S"
          variant="information"
>
          <SaveSearchExecutionContent
                    onDefaultSortingChange={[Function]}
                    onSaveSearchNameChange={[Function]}
                    onSortingOrderChange={[Function]}
                    onTrackResultInDashboardChange={[Function]}
          />
</Dialog>,
      ],
    },
    "ref": null,
    "rendered": Array [
      Object {
        "instance": null,
        "key": undefined,
        "nodeType": "host",
        "props": Object {
          "children": <OverlayTrigger
            boundariesElement={[Function]}
            crossOffset={0}
            defaultShow={false}
            delayHide={100}
            disabled={false}
            flip={true}
            offset={0}
            placement="top"
            trigger={
                        Array [
                                    "hover",
                                    "focus",
                                  ]
            }
>
            <Button
                        autoFocus={false}
                        block={false}
                        data-test="save-this-search-button"
                        disabled={true}
                        element="button"
                        icon={<Add />}
                        invalid={false}
                        label="Save This Search"
                        logic={false}
                        quiet={true}
                        selected={false}
                        variant="action"
            />
            <Tooltip
                        data-test="saved-search-limit-message"
                        open={true}
                        placement="right"
                        role="tooltip"
                        variant="inspect"
            >
                        Saved Search limit (10) reached.
            </Tooltip>
</OverlayTrigger>,
          "data-test": "save-this-search-button-overlay-trigger",
        },
        "ref": null,
        "rendered": Object {
          "instance": null,
          "key": undefined,
          "nodeType": "class",
          "props": Object {
            "boundariesElement": [Function],
            "children": Array [
              <Button
                autoFocus={false}
                block={false}
                data-test="save-this-search-button"
                disabled={true}
                element="button"
                icon={<Add />}
                invalid={false}
                label="Save This Search"
                logic={false}
                quiet={true}
                selected={false}
                variant="action"
/>,
              <Tooltip
                data-test="saved-search-limit-message"
                open={true}
                placement="right"
                role="tooltip"
                variant="inspect"
>
                Saved Search limit (10) reached.
</Tooltip>,
            ],
            "crossOffset": 0,
            "defaultShow": false,
            "delayHide": 100,
            "disabled": false,
            "flip": true,
            "offset": 0,
            "placement": "top",
            "trigger": Array [
              "hover",
              "focus",
            ],
          },
          "ref": null,
          "rendered": Array [
            Object {
              "instance": null,
              "key": undefined,
              "nodeType": "class",
              "props": Object {
                "autoFocus": false,
                "block": false,
                "data-test": "save-this-search-button",
                "disabled": true,
                "element": "button",
                "icon": <Add />,
                "invalid": false,
                "label": "Save This Search",
                "logic": false,
                "quiet": true,
                "selected": false,
                "variant": "action",
              },
              "ref": null,
              "rendered": null,
              "type": [Function],
            },
            Object {
              "instance": null,
              "key": undefined,
              "nodeType": "class",
              "props": Object {
                "children": "Saved Search limit (10) reached.",
                "data-test": "saved-search-limit-message",
                "open": true,
                "placement": "right",
                "role": "tooltip",
                "variant": "inspect",
              },
              "ref": null,
              "rendered": "Saved Search limit (10) reached.",
              "type": [Function],
            },
          ],
          "type": [Function],
        },
        "type": "div",
      },
      Object {
        "instance": null,
        "key": undefined,
        "nodeType": "class",
        "props": Object {
          "autoFocusButton": null,
          "backdropClickable": false,
          "cancelLabel": "Cancel",
          "children": <SaveSearchExecutionContent
            onDefaultSortingChange={[Function]}
            onSaveSearchNameChange={[Function]}
            onSortingOrderChange={[Function]}
            onTrackResultInDashboardChange={[Function]}
/>,
          "className": "triggerDialog",
          "confirmDisabled": false,
          "confirmLabel": "Save",
          "keyboardConfirm": false,
          "modalcontent": true,
          "mode": "centered",
          "onCancel": [Function],
          "onClose": [Function],
          "onConfirm": [Function],
          "open": true,
          "role": "dialog",
          "size": "S",
          "variant": "information",
        },
        "ref": null,
        "rendered": Object {
          "instance": null,
          "key": undefined,
          "nodeType": "class",
          "props": Object {
            "onDefaultSortingChange": [Function],
            "onSaveSearchNameChange": [Function],
            "onSortingOrderChange": [Function],
            "onTrackResultInDashboardChange": [Function],
          },
          "ref": null,
          "rendered": null,
          "type": [Function],
        },
        "type": [Function],
      },
    ],
    "type": [Function],
  },
  Symbol(enzyme.__nodes__): Array [
    Object {
      "instance": null,
      "key": undefined,
      "nodeType": "class",
      "props": Object {
        "children": Array [
          <div
            data-test="save-this-search-button-overlay-trigger"
>
            <OverlayTrigger
                        boundariesElement={[Function]}
                        crossOffset={0}
                        defaultShow={false}
                        delayHide={100}
                        disabled={false}
                        flip={true}
                        offset={0}
                        placement="top"
                        trigger={
                                    Array [
                                                "hover",
                                                "focus",
                                              ]
                        }
            >
                        <Button
                                    autoFocus={false}
                                    block={false}
                                    data-test="save-this-search-button"
                                    disabled={true}
                                    element="button"
                                    icon={<Add />}
                                    invalid={false}
                                    label="Save This Search"
                                    logic={false}
                                    quiet={true}
                                    selected={false}
                                    variant="action"
                        />
                        <Tooltip
                                    data-test="saved-search-limit-message"
                                    open={true}
                                    placement="right"
                                    role="tooltip"
                                    variant="inspect"
                        >
                                    Saved Search limit (10) reached.
                        </Tooltip>
            </OverlayTrigger>
</div>,
          <Dialog
            autoFocusButton={null}
            backdropClickable={false}
            cancelLabel="Cancel"
            className="triggerDialog"
            confirmDisabled={false}
            confirmLabel="Save"
            keyboardConfirm={false}
            modalcontent={true}
            mode="centered"
            onCancel={[Function]}
            onClose={[Function]}
            onConfirm={[Function]}
            open={true}
            role="dialog"
            size="S"
            variant="information"
>
            <SaveSearchExecutionContent
                        onDefaultSortingChange={[Function]}
                        onSaveSearchNameChange={[Function]}
                        onSortingOrderChange={[Function]}
                        onTrackResultInDashboardChange={[Function]}
            />
</Dialog>,
        ],
      },
      "ref": null,
      "rendered": Array [
        Object {
          "instance": null,
          "key": undefined,
          "nodeType": "host",
          "props": Object {
            "children": <OverlayTrigger
              boundariesElement={[Function]}
              crossOffset={0}
              defaultShow={false}
              delayHide={100}
              disabled={false}
              flip={true}
              offset={0}
              placement="top"
              trigger={
                            Array [
                                          "hover",
                                          "focus",
                                        ]
              }
>
              <Button
                            autoFocus={false}
                            block={false}
                            data-test="save-this-search-button"
                            disabled={true}
                            element="button"
                            icon={<Add />}
                            invalid={false}
                            label="Save This Search"
                            logic={false}
                            quiet={true}
                            selected={false}
                            variant="action"
              />
              <Tooltip
                            data-test="saved-search-limit-message"
                            open={true}
                            placement="right"
                            role="tooltip"
                            variant="inspect"
              >
                            Saved Search limit (10) reached.
              </Tooltip>
</OverlayTrigger>,
            "data-test": "save-this-search-button-overlay-trigger",
          },
          "ref": null,
          "rendered": Object {
            "instance": null,
            "key": undefined,
            "nodeType": "class",
            "props": Object {
              "boundariesElement": [Function],
              "children": Array [
                <Button
                  autoFocus={false}
                  block={false}
                  data-test="save-this-search-button"
                  disabled={true}
                  element="button"
                  icon={<Add />}
                  invalid={false}
                  label="Save This Search"
                  logic={false}
                  quiet={true}
                  selected={false}
                  variant="action"
/>,
                <Tooltip
                  data-test="saved-search-limit-message"
                  open={true}
                  placement="right"
                  role="tooltip"
                  variant="inspect"
>
                  Saved Search limit (10) reached.
</Tooltip>,
              ],
              "crossOffset": 0,
              "defaultShow": false,
              "delayHide": 100,
              "disabled": false,
              "flip": true,
              "offset": 0,
              "placement": "top",
              "trigger": Array [
                "hover",
                "focus",
              ],
            },
            "ref": null,
            "rendered": Array [
              Object {
                "instance": null,
                "key": undefined,
                "nodeType": "class",
                "props": Object {
                  "autoFocus": false,
                  "block": false,
                  "data-test": "save-this-search-button",
                  "disabled": true,
                  "element": "button",
                  "icon": <Add />,
                  "invalid": false,
                  "label": "Save This Search",
                  "logic": false,
                  "quiet": true,
                  "selected": false,
                  "variant": "action",
                },
                "ref": null,
                "rendered": null,
                "type": [Function],
              },
              Object {
                "instance": null,
                "key": undefined,
                "nodeType": "class",
                "props": Object {
                  "children": "Saved Search limit (10) reached.",
                  "data-test": "saved-search-limit-message",
                  "open": true,
                  "placement": "right",
                  "role": "tooltip",
                  "variant": "inspect",
                },
                "ref": null,
                "rendered": "Saved Search limit (10) reached.",
                "type": [Function],
              },
            ],
            "type": [Function],
          },
          "type": "div",
        },
        Object {
          "instance": null,
          "key": undefined,
          "nodeType": "class",
          "props": Object {
            "autoFocusButton": null,
            "backdropClickable": false,
            "cancelLabel": "Cancel",
            "children": <SaveSearchExecutionContent
              onDefaultSortingChange={[Function]}
              onSaveSearchNameChange={[Function]}
              onSortingOrderChange={[Function]}
              onTrackResultInDashboardChange={[Function]}
/>,
            "className": "triggerDialog",
            "confirmDisabled": false,
            "confirmLabel": "Save",
            "keyboardConfirm": false,
            "modalcontent": true,
            "mode": "centered",
            "onCancel": [Function],
            "onClose": [Function],
            "onConfirm": [Function],
            "open": true,
            "role": "dialog",
            "size": "S",
            "variant": "information",
          },
          "ref": null,
          "rendered": Object {
            "instance": null,
            "key": undefined,
            "nodeType": "class",
            "props": Object {
              "onDefaultSortingChange": [Function],
              "onSaveSearchNameChange": [Function],
              "onSortingOrderChange": [Function],
              "onTrackResultInDashboardChange": [Function],
            },
            "ref": null,
            "rendered": null,
            "type": [Function],
          },
          "type": [Function],
        },
      ],
      "type": [Function],
    },
  ],
  Symbol(enzyme.__options__): Object {
    "adapter": ReactSixteenAdapter {
      "options": Object {
        "enableComponentDidUpdateOnSetState": true,
        "lifecycles": Object {
          "componentDidUpdate": Object {
            "onSetState": true,
          },
          "getDerivedStateFromProps": true,
          "getSnapshotBeforeUpdate": true,
          "setState": Object {
            "skipsComponentDidUpdateOnNullish": true,
          },
        },
      },
    },
    "attachTo": undefined,
    "hydrateIn": undefined,
  },
}
`;
