// Jest Snapshot v1, https://goo.gl/fbAQLP

exports[`<AddAccountModal/> component rendering matches snapshot 1`] = `
ShallowWrapper {
  Symbol(enzyme.__root__): [Circular],
  Symbol(enzyme.__unrendered__): <AddAccountModal
    contactEmails={Array []}
    icon={null}
    platform=""
    quiet={false}
    title="Add Account"
/>,
  Symbol(enzyme.__renderer__): Object {
    "batchedUpdates": [Function],
    "checkPropTypes": [Function],
    "getNode": [Function],
    "render": [Function],
    "simulateError": [Function],
    "simulateEvent": [Function],
    "unmount": [Function],
  },
  Symbol(enzyme.__node__): Object {
    "instance": null,
    "key": undefined,
    "nodeType": "class",
    "props": Object {
      "children": Array [
        <Button
          autoFocus={false}
          block={false}
          className={undefined}
          data-test="add-account-modal-button"
          disabled={false}
          element="button"
          icon={undefined}
          invalid={false}
          label=""
          logic={false}
          modaltrigger={true}
          quiet={false}
          selected={false}
          variant="primary"
/>,
        <ModalContentHackForSpectrum
          contactEmails={Array []}
          contactOnlyMode={undefined}
          platform=""
          role="dialog"
          title="Add Account"
/>,
      ],
    },
    "ref": null,
    "rendered": Array [
      Object {
        "instance": null,
        "key": undefined,
        "nodeType": "class",
        "props": Object {
          "autoFocus": false,
          "block": false,
          "className": undefined,
          "data-test": "add-account-modal-button",
          "disabled": false,
          "element": "button",
          "icon": undefined,
          "invalid": false,
          "label": "",
          "logic": false,
          "modaltrigger": true,
          "quiet": false,
          "selected": false,
          "variant": "primary",
        },
        "ref": null,
        "rendered": null,
        "type": [Function],
      },
      Object {
        "instance": null,
        "key": undefined,
        "nodeType": "class",
        "props": Object {
          "contactEmails": Array [],
          "contactOnlyMode": undefined,
          "platform": "",
          "role": "dialog",
          "title": "Add Account",
        },
        "ref": null,
        "rendered": null,
        "type": [Function],
      },
    ],
    "type": [Function],
  },
  Symbol(enzyme.__nodes__): Array [
    Object {
      "instance": null,
      "key": undefined,
      "nodeType": "class",
      "props": Object {
        "children": Array [
          <Button
            autoFocus={false}
            block={false}
            className={undefined}
            data-test="add-account-modal-button"
            disabled={false}
            element="button"
            icon={undefined}
            invalid={false}
            label=""
            logic={false}
            modaltrigger={true}
            quiet={false}
            selected={false}
            variant="primary"
/>,
          <ModalContentHackForSpectrum
            contactEmails={Array []}
            contactOnlyMode={undefined}
            platform=""
            role="dialog"
            title="Add Account"
/>,
        ],
      },
      "ref": null,
      "rendered": Array [
        Object {
          "instance": null,
          "key": undefined,
          "nodeType": "class",
          "props": Object {
            "autoFocus": false,
            "block": false,
            "className": undefined,
            "data-test": "add-account-modal-button",
            "disabled": false,
            "element": "button",
            "icon": undefined,
            "invalid": false,
            "label": "",
            "logic": false,
            "modaltrigger": true,
            "quiet": false,
            "selected": false,
            "variant": "primary",
          },
          "ref": null,
          "rendered": null,
          "type": [Function],
        },
        Object {
          "instance": null,
          "key": undefined,
          "nodeType": "class",
          "props": Object {
            "contactEmails": Array [],
            "contactOnlyMode": undefined,
            "platform": "",
            "role": "dialog",
            "title": "Add Account",
          },
          "ref": null,
          "rendered": null,
          "type": [Function],
        },
      ],
      "type": [Function],
    },
  ],
  Symbol(enzyme.__options__): Object {
    "adapter": ReactSixteenAdapter {
      "options": Object {
        "enableComponentDidUpdateOnSetState": true,
        "legacyContextMode": "parent",
        "lifecycles": Object {
          "componentDidUpdate": Object {
            "onSetState": true,
          },
          "getChildContext": Object {
            "calledByRenderer": false,
          },
          "getDerivedStateFromProps": true,
          "getSnapshotBeforeUpdate": true,
          "setState": Object {
            "skipsComponentDidUpdateOnNullish": true,
          },
        },
      },
    },
  },
}
`;
