// Jest Snapshot v1, https://goo.gl/fbAQLP

exports[`rendering matches snapshot 1`] = `
ShallowWrapper {
  Symbol(enzyme.__root__): [Circular],
  Symbol(enzyme.__unrendered__): <EmptyState
    icon={[Function]}
    primaryMessage="Start adding accounts to enable people based destinations"
    secondaryMessage=""
/>,
  Symbol(enzyme.__renderer__): Object {
    "batchedUpdates": [Function],
    "getNode": [Function],
    "render": [Function],
    "simulateError": [Function],
    "simulateEvent": [Function],
    "unmount": [Function],
  },
  Symbol(enzyme.__node__): Object {
    "instance": null,
    "key": undefined,
    "nodeType": "host",
    "props": Object {
      "children": Array [
        <Unknown
          size="XXL"
/>,
        <PrimaryMessage
          message="Start adding accounts to enable people based destinations"
/>,
        "",
        undefined,
      ],
      "className": undefined,
      "data-test": "empty-state",
    },
    "ref": null,
    "rendered": Array [
      Object {
        "instance": null,
        "key": undefined,
        "nodeType": "function",
        "props": Object {
          "size": "XXL",
        },
        "ref": null,
        "rendered": null,
        "type": [Function],
      },
      Object {
        "instance": null,
        "key": undefined,
        "nodeType": "function",
        "props": Object {
          "message": "Start adding accounts to enable people based destinations",
        },
        "ref": null,
        "rendered": null,
        "type": [Function],
      },
      "",
      undefined,
    ],
    "type": "div",
  },
  Symbol(enzyme.__nodes__): Array [
    Object {
      "instance": null,
      "key": undefined,
      "nodeType": "host",
      "props": Object {
        "children": Array [
          <Unknown
            size="XXL"
/>,
          <PrimaryMessage
            message="Start adding accounts to enable people based destinations"
/>,
          "",
          undefined,
        ],
        "className": undefined,
        "data-test": "empty-state",
      },
      "ref": null,
      "rendered": Array [
        Object {
          "instance": null,
          "key": undefined,
          "nodeType": "function",
          "props": Object {
            "size": "XXL",
          },
          "ref": null,
          "rendered": null,
          "type": [Function],
        },
        Object {
          "instance": null,
          "key": undefined,
          "nodeType": "function",
          "props": Object {
            "message": "Start adding accounts to enable people based destinations",
          },
          "ref": null,
          "rendered": null,
          "type": [Function],
        },
        "",
        undefined,
      ],
      "type": "div",
    },
  ],
  Symbol(enzyme.__options__): Object {
    "adapter": ReactSixteenAdapter {
      "options": Object {
        "enableComponentDidUpdateOnSetState": true,
        "lifecycles": Object {
          "componentDidUpdate": Object {
            "onSetState": true,
          },
          "getDerivedStateFromProps": true,
          "getSnapshotBeforeUpdate": true,
          "setState": Object {
            "skipsComponentDidUpdateOnNullish": true,
          },
        },
      },
    },
  },
}
`;
